Component: Arm Compiler for Embedded 6.19 Tool: armlink [5e73cb00]

==============================================================================

Section Cross References

    stm32f429i_discovery_lcd.o(.text.BSP_LCD_Init) refers to stm32f429i_discovery_lcd.o(.bss.LtdcHandler) for LtdcHandler
    stm32f429i_discovery_lcd.o(.text.BSP_LCD_Init) refers to stm32f429i_discovery_lcd.o(.bss..L_MergedGlobals) for .L_MergedGlobals
    stm32f429i_discovery_lcd.o(.text.BSP_LCD_Init) refers to stm32f4xx_hal_rcc_ex.o(.text.HAL_RCCEx_PeriphCLKConfig) for HAL_RCCEx_PeriphCLKConfig
    stm32f429i_discovery_lcd.o(.text.BSP_LCD_Init) refers to stm32f429i_discovery_lcd.o(.text.BSP_LCD_MspInit) for BSP_LCD_MspInit
    stm32f429i_discovery_lcd.o(.text.BSP_LCD_Init) refers to stm32f4xx_hal_ltdc.o(.text.HAL_LTDC_Init) for HAL_LTDC_Init
    stm32f429i_discovery_lcd.o(.text.BSP_LCD_Init) refers to ili9341.o(.data.ili9341_drv) for ili9341_drv
    stm32f429i_discovery_lcd.o(.text.BSP_LCD_Init) refers to stm32f429i_discovery_sdram.o(.text.BSP_SDRAM_Init) for BSP_SDRAM_Init
    stm32f429i_discovery_lcd.o(.text.BSP_LCD_Init) refers to stm32f429i_discovery_lcd.o(.data.Font24) for Font24
    stm32f429i_discovery_lcd.o(.ARM.exidx.text.BSP_LCD_Init) refers to stm32f429i_discovery_lcd.o(.text.BSP_LCD_Init) for [Anonymous Symbol]
    stm32f429i_discovery_lcd.o(.text.BSP_LCD_MspInit) refers to stm32f4xx_hal_gpio.o(.text.HAL_GPIO_Init) for HAL_GPIO_Init
    stm32f429i_discovery_lcd.o(.ARM.exidx.text.BSP_LCD_MspInit) refers to stm32f429i_discovery_lcd.o(.text.BSP_LCD_MspInit) for [Anonymous Symbol]
    stm32f429i_discovery_lcd.o(.text.BSP_LCD_SetFont) refers to stm32f429i_discovery_lcd.o(.bss..L_MergedGlobals) for .L_MergedGlobals
    stm32f429i_discovery_lcd.o(.ARM.exidx.text.BSP_LCD_SetFont) refers to stm32f429i_discovery_lcd.o(.text.BSP_LCD_SetFont) for [Anonymous Symbol]
    stm32f429i_discovery_lcd.o(.text.BSP_LCD_GetXSize) refers to stm32f429i_discovery_lcd.o(.bss..L_MergedGlobals) for .L_MergedGlobals
    stm32f429i_discovery_lcd.o(.ARM.exidx.text.BSP_LCD_GetXSize) refers to stm32f429i_discovery_lcd.o(.text.BSP_LCD_GetXSize) for [Anonymous Symbol]
    stm32f429i_discovery_lcd.o(.text.BSP_LCD_GetYSize) refers to stm32f429i_discovery_lcd.o(.bss..L_MergedGlobals) for .L_MergedGlobals
    stm32f429i_discovery_lcd.o(.ARM.exidx.text.BSP_LCD_GetYSize) refers to stm32f429i_discovery_lcd.o(.text.BSP_LCD_GetYSize) for [Anonymous Symbol]
    stm32f429i_discovery_lcd.o(.text.BSP_LCD_LayerDefaultInit) refers to stm32f429i_discovery_lcd.o(.bss..L_MergedGlobals) for .L_MergedGlobals
    stm32f429i_discovery_lcd.o(.text.BSP_LCD_LayerDefaultInit) refers to stm32f429i_discovery_lcd.o(.bss.LtdcHandler) for LtdcHandler
    stm32f429i_discovery_lcd.o(.text.BSP_LCD_LayerDefaultInit) refers to stm32f4xx_hal_ltdc.o(.text.HAL_LTDC_ConfigLayer) for HAL_LTDC_ConfigLayer
    stm32f429i_discovery_lcd.o(.text.BSP_LCD_LayerDefaultInit) refers to stm32f429i_discovery_lcd.o(.data.Font24) for Font24
    stm32f429i_discovery_lcd.o(.text.BSP_LCD_LayerDefaultInit) refers to stm32f4xx_hal_ltdc.o(.text.HAL_LTDC_EnableDither) for HAL_LTDC_EnableDither
    stm32f429i_discovery_lcd.o(.ARM.exidx.text.BSP_LCD_LayerDefaultInit) refers to stm32f429i_discovery_lcd.o(.text.BSP_LCD_LayerDefaultInit) for [Anonymous Symbol]
    stm32f429i_discovery_lcd.o(.text.BSP_LCD_SelectLayer) refers to stm32f429i_discovery_lcd.o(.bss..L_MergedGlobals) for .L_MergedGlobals
    stm32f429i_discovery_lcd.o(.ARM.exidx.text.BSP_LCD_SelectLayer) refers to stm32f429i_discovery_lcd.o(.text.BSP_LCD_SelectLayer) for [Anonymous Symbol]
    stm32f429i_discovery_lcd.o(.text.BSP_LCD_SetLayerVisible) refers to stm32f429i_discovery_lcd.o(.bss.LtdcHandler) for LtdcHandler
    stm32f429i_discovery_lcd.o(.ARM.exidx.text.BSP_LCD_SetLayerVisible) refers to stm32f429i_discovery_lcd.o(.text.BSP_LCD_SetLayerVisible) for [Anonymous Symbol]
    stm32f429i_discovery_lcd.o(.text.BSP_LCD_SetLayerVisible_NoReload) refers to stm32f429i_discovery_lcd.o(.bss.LtdcHandler) for LtdcHandler
    stm32f429i_discovery_lcd.o(.ARM.exidx.text.BSP_LCD_SetLayerVisible_NoReload) refers to stm32f429i_discovery_lcd.o(.text.BSP_LCD_SetLayerVisible_NoReload) for [Anonymous Symbol]
    stm32f429i_discovery_lcd.o(.text.BSP_LCD_SetTransparency) refers to stm32f429i_discovery_lcd.o(.bss.LtdcHandler) for LtdcHandler
    stm32f429i_discovery_lcd.o(.text.BSP_LCD_SetTransparency) refers to stm32f4xx_hal_ltdc.o(.text.HAL_LTDC_SetAlpha) for HAL_LTDC_SetAlpha
    stm32f429i_discovery_lcd.o(.ARM.exidx.text.BSP_LCD_SetTransparency) refers to stm32f429i_discovery_lcd.o(.text.BSP_LCD_SetTransparency) for [Anonymous Symbol]
    stm32f429i_discovery_lcd.o(.text.BSP_LCD_SetTransparency_NoReload) refers to stm32f429i_discovery_lcd.o(.bss.LtdcHandler) for LtdcHandler
    stm32f429i_discovery_lcd.o(.text.BSP_LCD_SetTransparency_NoReload) refers to stm32f4xx_hal_ltdc.o(.text.HAL_LTDC_SetAlpha_NoReload) for HAL_LTDC_SetAlpha_NoReload
[...]
    Removing stm32f4xx_hal_tim.o(.text.HAL_TIM_OC_MspDeInit), (2 bytes).
    Removing stm32f4xx_hal_tim.o(.ARM.exidx.text.HAL_TIM_OC_MspDeInit), (8 bytes).
    Removing stm32f4xx_hal_tim.o(.text.HAL_TIM_OC_Start), (274 bytes).
    Removing stm32f4xx_hal_tim.o(.ARM.exidx.text.HAL_TIM_OC_Start), (8 bytes).
    Removing stm32f4xx_hal_tim.o(.text.TIM_CCxChannelCmd), (36 bytes).
    Removing stm32f4xx_hal_tim.o(.ARM.exidx.text.TIM_CCxChannelCmd), (8 bytes).
    Removing stm32f4xx_hal_tim.o(.text.HAL_TIM_OC_Stop), (170 bytes).
    Removing stm32f4xx_hal_tim.o(.ARM.exidx.text.HAL_TIM_OC_Stop), (8 bytes).
    Removing stm32f4xx_hal_tim.o(.text.HAL_TIM_OC_Start_IT), (344 bytes).
    Removing stm32f4xx_hal_tim.o(.ARM.exidx.text.HAL_TIM_OC_Start_IT), (8 bytes).
    Removing stm32f4xx_hal_tim.o(.text.HAL_TIM_OC_Stop_IT), (190 bytes).
    Removing stm32f4xx_hal_tim.o(.ARM.exidx.text.HAL_TIM_OC_Stop_IT), (8 bytes).
    Removing stm32f4xx_hal_tim.o(.text.HAL_TIM_OC_Start_DMA), (638 bytes).
    Removing stm32f4xx_hal_tim.o(.ARM.exidx.text.HAL_TIM_OC_Start_DMA), (8 bytes).
    Removing stm32f4xx_hal_tim.o(.text.TIM_DMADelayPulseCplt), (106 bytes).
    Removing stm32f4xx_hal_tim.o(.ARM.exidx.text.TIM_DMADelayPulseCplt), (8 bytes).
    Removing stm32f4xx_hal_tim.o(.text.TIM_DMADelayPulseHalfCplt), (56 bytes).
    Removing stm32f4xx_hal_tim.o(.ARM.exidx.text.TIM_DMADelayPulseHalfCplt), (8 bytes).
    Removing stm32f4xx_hal_tim.o(.text.HAL_TIM_OC_Stop_DMA), (248 bytes).
    Removing stm32f4xx_hal_tim.o(.ARM.exidx.text.HAL_TIM_OC_Stop_DMA), (8 bytes).
    Removing stm32f4xx_hal_tim.o(.text.HAL_TIM_PWM_Init), (90 bytes).
    Removing stm32f4xx_hal_tim.o(.ARM.exidx.text.HAL_TIM_PWM_Init), (8 bytes).
    Removing stm32f4xx_hal_tim.o(.text.HAL_TIM_PWM_MspInit), (2 bytes).
    Removing stm32f4xx_hal_tim.o(.ARM.exidx.text.HAL_TIM_PWM_MspInit), (8 bytes).
    Removing stm32f4xx_hal_tim.o(.text.HAL_TIM_PWM_DeInit), (96 bytes).
    Removing stm32f4xx_hal_tim.o(.ARM.exidx.text.HAL_TIM_PWM_DeInit), (8 bytes).
    Removing stm32f4xx_hal_tim.o(.text.HAL_TIM_PWM_MspDeInit), (2 bytes).
    Removing stm32f4xx_hal_tim.o(.ARM.exidx.text.HAL_TIM_PWM_MspDeInit), (8 bytes).
    Removing stm32f4xx_hal_tim.o(.text.HAL_TIM_PWM_Start), (274 bytes).
    Removing stm32f4xx_hal_tim.o(.ARM.exidx.text.HAL_TIM_PWM_Start), (8 bytes).
    Removing stm32f4xx_hal_tim.o(.text.HAL_TIM_PWM_Stop), (170 bytes).
    Removing stm32f4xx_hal_tim.o(.ARM.exidx.text.HAL_TIM_PWM_Stop), (8 bytes).
    Removing stm32f4xx_hal_tim.o(.text.HAL_TIM_PWM_Start_IT), (344 bytes).
    Removing stm32f4xx_hal_tim.o(.ARM.exidx.text.HAL_TIM_PWM_Start_IT), (8 bytes).
    Removing stm32f4xx_hal_tim.o(.text.HAL_TIM_PWM_Stop_IT), (190 bytes).
    Removing stm32f4xx_hal_tim.o(.ARM.exidx.text.HAL_TIM_PWM_Stop_IT), (8 bytes).
    Removing stm32f4xx_hal_tim.o(.text.HAL_TIM_PWM_Start_DMA), (638 bytes).
    Removing stm32f4xx_hal_tim.o(.ARM.exidx.text.HAL_TIM_PWM_Start_DMA), (8 bytes).
    Removing stm32f4xx_hal_tim.o(.text.HAL_TIM_PWM_Stop_DMA), (248 bytes).
    Removing stm32f4xx_hal_tim.o(.ARM.exidx.text.HAL_TIM_PWM_Stop_DMA), (8 bytes).
    Removing stm32f4xx_hal_tim.o(.text.HAL_TIM_IC_Init), (90 bytes).
    Removing stm32f4xx_hal_tim.o(.ARM.exidx.text.HAL_TIM_IC_Init), (8 bytes).
    Removing stm32f4xx_hal_tim.o(.text.HAL_TIM_IC_MspInit), (2 bytes).
    Removing stm32f4xx_hal_tim.o(.ARM.exidx.text.HAL_TIM_IC_MspInit), (8 bytes).
    Removing stm32f4xx_hal_tim.o(.text.HAL_TIM_IC_DeInit), (96 bytes).
    Removing stm32f4xx_hal_tim.o(.ARM.exidx.text.HAL_TIM_IC_DeInit), (8 bytes).
    Removing stm32f4xx_hal_tim.o(.text.HAL_TIM_IC_MspDeInit), (2 bytes).
    Removing stm32f4xx_hal_tim.o(.ARM.exidx.text.HAL_TIM_IC_MspDeInit), (8 bytes).
    Removing stm32f4xx_hal_tim.o(.text.HAL_TIM_IC_Start), (300 bytes).
    Removing stm32f4xx_hal_tim.o(.ARM.exidx.text.HAL_TIM_IC_Start), (8 bytes).
    Removing stm32f4xx_hal_tim.o(.text.HAL_TIM_IC_Stop), (126 bytes).
    Removing stm32f4xx_hal_tim.o(.ARM.exidx.text.HAL_TIM_IC_Stop), (8 bytes).
    Removing stm32f4xx_hal_tim.o(.text.HAL_TIM_IC_Start_IT), (364 bytes).
    Removing stm32f4xx_hal_tim.o(.ARM.exidx.text.HAL_TIM_IC_Start_IT), (8 bytes).
    Removing stm32f4xx_hal_tim.o(.text.HAL_TIM_IC_Stop_IT), (158 bytes).
    Removing stm32f4xx_hal_tim.o(.ARM.exidx.text.HAL_TIM_IC_Stop_IT), (8 bytes).
    Removing stm32f4xx_hal_tim.o(.text.HAL_TIM_IC_Start_DMA), (596 bytes).
    Removing stm32f4xx_hal_tim.o(.ARM.exidx.text.HAL_TIM_IC_Start_DMA), (8 bytes).
    Removing stm32f4xx_hal_tim.o(.text.TIM_DMACaptureCplt), (118 bytes).
    Removing stm32f4xx_hal_tim.o(.ARM.exidx.text.TIM_DMACaptureCplt), (8 bytes).
    Removing stm32f4xx_hal_tim.o(.text.TIM_DMACaptureHalfCplt), (56 bytes).
    Removing stm32f4xx_hal_tim.o(.ARM.exidx.text.TIM_DMACaptureHalfCplt), (8 bytes).
    Removing stm32f4xx_hal_tim.o(.text.HAL_TIM_IC_Stop_DMA), (210 bytes).
    Removing stm32f4xx_hal_tim.o(.ARM.exidx.text.HAL_TIM_IC_Stop_DMA), (8 bytes).
    Removing stm32f4xx_hal_tim.o(.text.HAL_TIM_OnePulse_Init), (92 bytes).
    Removing stm32f4xx_hal_tim.o(.ARM.exidx.text.HAL_TIM_OnePulse_Init), (8 bytes).
    Removing stm32f4xx_hal_tim.o(.text.HAL_TIM_OnePulse_MspInit), (2 bytes).
    Removing stm32f4xx_hal_tim.o(.ARM.exidx.text.HAL_TIM_OnePulse_MspInit), (8 bytes).
    Removing stm32f4xx_hal_tim.o(.text.HAL_TIM_OnePulse_DeInit), (80 bytes).
    Removing stm32f4xx_hal_tim.o(.ARM.exidx.text.HAL_TIM_OnePulse_DeInit), (8 bytes).
    Removing stm32f4xx_hal_tim.o(.text.HAL_TIM_OnePulse_MspDeInit), (2 bytes).
    Removing stm32f4xx_hal_tim.o(.ARM.exidx.text.HAL_TIM_OnePulse_MspDeInit), (8 bytes).
    Removing stm32f4xx_hal_tim.o(.text.HAL_TIM_OnePulse_Start), (128 bytes).
    Removing stm32f4xx_hal_tim.o(.ARM.exidx.text.HAL_TIM_OnePulse_Start), (8 bytes).
    Removing stm32f4xx_hal_tim.o(.text.HAL_TIM_OnePulse_Stop), (140 bytes).
    Removing stm32f4xx_hal_tim.o(.ARM.exidx.text.HAL_TIM_OnePulse_Stop), (8 bytes).
    Removing stm32f4xx_hal_tim.o(.text.HAL_TIM_OnePulse_Start_IT), (144 bytes).
    Removing stm32f4xx_hal_tim.o(.ARM.exidx.text.HAL_TIM_OnePulse_Start_IT), (8 bytes).
    Removing stm32f4xx_hal_tim.o(.text.HAL_TIM_OnePulse_Stop_IT), (156 bytes).
    Removing stm32f4xx_hal_tim.o(.ARM.exidx.text.HAL_TIM_OnePulse_Stop_IT), (8 bytes).
    Removing stm32f4xx_hal_tim.o(.text.HAL_TIM_Encoder_Init), (178 bytes).
    Removing stm32f4xx_hal_tim.o(.ARM.exidx.text.HAL_TIM_Encoder_Init), (8 bytes).
    Removing stm32f4xx_hal_tim.o(.text.HAL_TIM_Encoder_MspInit), (2 bytes).
    Removing stm32f4xx_hal_tim.o(.ARM.exidx.text.HAL_TIM_Encoder_MspInit), (8 bytes).
    Removing stm32f4xx_hal_tim.o(.text.HAL_TIM_Encoder_DeInit), (80 bytes).
    Removing stm32f4xx_hal_tim.o(.ARM.exidx.text.HAL_TIM_Encoder_DeInit), (8 bytes).
    Removing stm32f4xx_hal_tim.o(.text.HAL_TIM_Encoder_MspDeInit), (2 bytes).
    Removing stm32f4xx_hal_tim.o(.ARM.exidx.text.HAL_TIM_Encoder_MspDeInit), (8 bytes).
    Removing stm32f4xx_hal_tim.o(.text.HAL_TIM_Encoder_Start), (188 bytes).
    Removing stm32f4xx_hal_tim.o(.ARM.exidx.text.HAL_TIM_Encoder_Start), (8 bytes).
    Removing stm32f4xx_hal_tim.o(.text.HAL_TIM_Encoder_Stop), (150 bytes).
    Removing stm32f4xx_hal_tim.o(.ARM.exidx.text.HAL_TIM_Encoder_Stop), (8 bytes).
    Removing stm32f4xx_hal_tim.o(.text.HAL_TIM_Encoder_Start_IT), (230 bytes).
    Removing stm32f4xx_hal_tim.o(.ARM.exidx.text.HAL_TIM_Encoder_Start_IT), (8 bytes).
    Removing stm32f4xx_hal_tim.o(.text.HAL_TIM_Encoder_Stop_IT), (214 bytes).
    Removing stm32f4xx_hal_tim.o(.ARM.exidx.text.HAL_TIM_Encoder_Stop_IT), (8 bytes).
    Removing stm32f4xx_hal_tim.o(.text.HAL_TIM_Encoder_Start_DMA), (528 bytes).
    Removing stm32f4xx_hal_tim.o(.ARM.exidx.text.HAL_TIM_Encoder_Start_DMA), (8 bytes).
    Removing stm32f4xx_hal_tim.o(.text.HAL_TIM_Encoder_Stop_DMA), (230 bytes).
    Removing stm32f4xx_hal_tim.o(.ARM.exidx.text.HAL_TIM_Encoder_Stop_DMA), (8 bytes).
    Removing stm32f4xx_hal_tim.o(.ARM.exidx.text.HAL_TIM_IRQHandler), (8 bytes).
    Removing stm32f4xx_hal_tim.o(.ARM.exidx.text.HAL_TIM_IC_CaptureCallback), (8 bytes).
    Removing stm32f4xx_hal_tim.o(.ARM.exidx.text.HAL_TIM_OC_DelayElapsedCallback), (8 bytes).
    Removing stm32f4xx_hal_tim.o(.ARM.exidx.text.HAL_TIM_PWM_PulseFinishedCallback), (8 bytes).
    Removing stm32f4xx_hal_tim.o(.text.HAL_TIM_PeriodElapsedCallback), (2 bytes).
    Removing stm32f4xx_hal_tim.o(.ARM.exidx.text.HAL_TIM_PeriodElapsedCallback), (8 bytes).
    Removing stm32f4xx_hal_tim.o(.ARM.exidx.text.HAL_TIM_TriggerCallback), (8 bytes).
    Removing stm32f4xx_hal_tim.o(.text.HAL_TIM_OC_ConfigChannel), (436 bytes).
    Removing stm32f4xx_hal_tim.o(.ARM.exidx.text.HAL_TIM_OC_ConfigChannel), (8 bytes).
    Removing stm32f4xx_hal_tim.o(.text.TIM_OC2_SetConfig), (104 bytes).
    Removing stm32f4xx_hal_tim.o(.ARM.exidx.text.TIM_OC2_SetConfig), (8 bytes).
    Removing stm32f4xx_hal_tim.o(.text.HAL_TIM_IC_ConfigChannel), (450 bytes).
    Removing stm32f4xx_hal_tim.o(.ARM.exidx.text.HAL_TIM_IC_ConfigChannel), (8 bytes).
    Removing stm32f4xx_hal_tim.o(.text.TIM_TI1_SetConfig), (174 bytes).
    Removing stm32f4xx_hal_tim.o(.ARM.exidx.text.TIM_TI1_SetConfig), (8 bytes).
    Removing stm32f4xx_hal_tim.o(.text.HAL_TIM_PWM_ConfigChannel), (546 bytes).
    Removing stm32f4xx_hal_tim.o(.ARM.exidx.text.HAL_TIM_PWM_ConfigChannel), (8 bytes).
    Removing stm32f4xx_hal_tim.o(.text.HAL_TIM_OnePulse_ConfigChannel), (578 bytes).
    Removing stm32f4xx_hal_tim.o(.ARM.exidx.text.HAL_TIM_OnePulse_ConfigChannel), (8 bytes).
    Removing stm32f4xx_hal_tim.o(.text.HAL_TIM_DMABurst_WriteStart), (28 bytes).
    Removing stm32f4xx_hal_tim.o(.ARM.exidx.text.HAL_TIM_DMABurst_WriteStart), (8 bytes).
    Removing stm32f4xx_hal_tim.o(.text.HAL_TIM_DMABurst_MultiWriteStart), (452 bytes).
    Removing stm32f4xx_hal_tim.o(.ARM.exidx.text.HAL_TIM_DMABurst_MultiWriteStart), (8 bytes).
    Removing stm32f4xx_hal_tim.o(.text.TIM_DMATriggerCplt), (20 bytes).
    Removing stm32f4xx_hal_tim.o(.ARM.exidx.text.TIM_DMATriggerCplt), (8 bytes).
    Removing stm32f4xx_hal_tim.o(.text.TIM_DMATriggerHalfCplt), (6 bytes).
    Removing stm32f4xx_hal_tim.o(.ARM.exidx.text.TIM_DMATriggerHalfCplt), (8 bytes).
    Removing stm32f4xx_hal_tim.o(.text.HAL_TIM_DMABurst_WriteStop), (132 bytes).
    Removing stm32f4xx_hal_tim.o(.ARM.exidx.text.HAL_TIM_DMABurst_WriteStop), (8 bytes).
    Removing stm32f4xx_hal_tim.o(.text.HAL_TIM_DMABurst_ReadStart), (28 bytes).
    Removing stm32f4xx_hal_tim.o(.ARM.exidx.text.HAL_TIM_DMABurst_ReadStart), (8 bytes).
    Removing stm32f4xx_hal_tim.o(.text.HAL_TIM_DMABurst_MultiReadStart), (452 bytes).
    Removing stm32f4xx_hal_tim.o(.ARM.exidx.text.HAL_TIM_DMABurst_MultiReadStart), (8 bytes).
    Removing stm32f4xx_hal_tim.o(.text.HAL_TIM_DMABurst_ReadStop), (132 bytes).
    Removing stm32f4xx_hal_tim.o(.ARM.exidx.text.HAL_TIM_DMABurst_ReadStop), (8 bytes).
    Removing stm32f4xx_hal_tim.o(.text.HAL_TIM_GenerateEvent), (36 bytes).
    Removing stm32f4xx_hal_tim.o(.ARM.exidx.text.HAL_TIM_GenerateEvent), (8 bytes).
    Removing stm32f4xx_hal_tim.o(.text.HAL_TIM_ConfigOCrefClear), (212 bytes).
    Removing stm32f4xx_hal_tim.o(.ARM.exidx.text.HAL_TIM_ConfigOCrefClear), (8 bytes).
    Removing stm32f4xx_hal_tim.o(.text.TIM_ETR_SetConfig), (22 bytes).
    Removing stm32f4xx_hal_tim.o(.ARM.exidx.text.TIM_ETR_SetConfig), (8 bytes).
    Removing stm32f4xx_hal_tim.o(.text.HAL_TIM_ConfigClockSource), (412 bytes).
    Removing stm32f4xx_hal_tim.o(.ARM.exidx.text.HAL_TIM_ConfigClockSource), (8 bytes).
    Removing stm32f4xx_hal_tim.o(.text.HAL_TIM_ConfigTI1Input), (16 bytes).
    Removing stm32f4xx_hal_tim.o(.ARM.exidx.text.HAL_TIM_ConfigTI1Input), (8 bytes).
    Removing stm32f4xx_hal_tim.o(.text.HAL_TIM_SlaveConfigSynchro), (88 bytes).
    Removing stm32f4xx_hal_tim.o(.ARM.exidx.text.HAL_TIM_SlaveConfigSynchro), (8 bytes).
    Removing stm32f4xx_hal_tim.o(.text.TIM_SlaveTimer_SetConfig), (250 bytes).
    Removing stm32f4xx_hal_tim.o(.ARM.exidx.text.TIM_SlaveTimer_SetConfig), (8 bytes).
    Removing stm32f4xx_hal_tim.o(.text.HAL_TIM_SlaveConfigSynchro_IT), (88 bytes).
    Removing stm32f4xx_hal_tim.o(.ARM.exidx.text.HAL_TIM_SlaveConfigSynchro_IT), (8 bytes).
    Removing stm32f4xx_hal_tim.o(.text.HAL_TIM_ReadCapturedValue), (52 bytes).
    Removing stm32f4xx_hal_tim.o(.ARM.exidx.text.HAL_TIM_ReadCapturedValue), (8 bytes).
    Removing stm32f4xx_hal_tim.o(.text.HAL_TIM_PeriodElapsedHalfCpltCallback), (2 bytes).
    Removing stm32f4xx_hal_tim.o(.ARM.exidx.text.HAL_TIM_PeriodElapsedHalfCpltCallback), (8 bytes).
    Removing stm32f4xx_hal_tim.o(.text.HAL_TIM_IC_CaptureHalfCpltCallback), (2 bytes).
    Removing stm32f4xx_hal_tim.o(.ARM.exidx.text.HAL_TIM_IC_CaptureHalfCpltCallback), (8 bytes).
    Removing stm32f4xx_hal_tim.o(.text.HAL_TIM_PWM_PulseFinishedHalfCpltCallback), (2 bytes).
    Removing stm32f4xx_hal_tim.o(.ARM.exidx.text.HAL_TIM_PWM_PulseFinishedHalfCpltCallback), (8 bytes).
    Removing stm32f4xx_hal_tim.o(.text.HAL_TIM_TriggerHalfCpltCallback), (2 bytes).
    Removing stm32f4xx_hal_tim.o(.ARM.exidx.text.HAL_TIM_TriggerHalfCpltCallback), (8 bytes).
    Removing stm32f4xx_hal_tim.o(.text.HAL_TIM_ErrorCallback), (2 bytes).
    Removing stm32f4xx_hal_tim.o(.ARM.exidx.text.HAL_TIM_ErrorCallback), (8 bytes).
    Removing stm32f4xx_hal_tim.o(.text.HAL_TIM_Base_GetState), (6 bytes).
    Removing stm32f4xx_hal_tim.o(.ARM.exidx.text.HAL_TIM_Base_GetState), (8 bytes).
    Removing stm32f4xx_hal_tim.o(.text.HAL_TIM_OC_GetState), (6 bytes).
    Removing stm32f4xx_hal_tim.o(.ARM.exidx.text.HAL_TIM_OC_GetState), (8 bytes).
    Removing stm32f4xx_hal_tim.o(.text.HAL_TIM_PWM_GetState), (6 bytes).
    Removing stm32f4xx_hal_tim.o(.ARM.exidx.text.HAL_TIM_PWM_GetState), (8 bytes).
    Removing stm32f4xx_hal_tim.o(.text.HAL_TIM_IC_GetState), (6 bytes).
    Removing stm32f4xx_hal_tim.o(.ARM.exidx.text.HAL_TIM_IC_GetState), (8 bytes).
    Removing stm32f4xx_hal_tim.o(.text.HAL_TIM_OnePulse_GetState), (6 bytes).
    Removing stm32f4xx_hal_tim.o(.ARM.exidx.text.HAL_TIM_OnePulse_GetState), (8 bytes).
    Removing stm32f4xx_hal_tim.o(.text.HAL_TIM_Encoder_GetState), (6 bytes).
    Removing stm32f4xx_hal_tim.o(.ARM.exidx.text.HAL_TIM_Encoder_GetState), (8 bytes).
    Removing stm32f4xx_hal_tim.o(.text.HAL_TIM_GetActiveChannel), (4 bytes).
    Removing stm32f4xx_hal_tim.o(.ARM.exidx.text.HAL_TIM_GetActiveChannel), (8 bytes).
    Removing stm32f4xx_hal_tim.o(.text.HAL_TIM_GetChannelState), (34 bytes).
    Removing stm32f4xx_hal_tim.o(.ARM.exidx.text.HAL_TIM_GetChannelState), (8 bytes).
    Removing stm32f4xx_hal_tim.o(.text.HAL_TIM_DMABurstState), (6 bytes).
    Removing stm32f4xx_hal_tim.o(.ARM.exidx.text.HAL_TIM_DMABurstState), (8 bytes).
    Removing stm32f4xx_hal_tim.o(.rodata.cst16), (32 bytes).
    Removing stm32f4xx_hal_irda.o(.text), (0 bytes).
    Removing stm32f4xx_hal_irda.o(.text.HAL_IRDA_Init), (268 bytes).
    Removing stm32f4xx_hal_irda.o(.ARM.exidx.text.HAL_IRDA_Init), (8 bytes).
    Removing stm32f4xx_hal_irda.o(.text.HAL_IRDA_MspInit), (2 bytes).
    Removing stm32f4xx_hal_irda.o(.ARM.exidx.text.HAL_IRDA_MspInit), (8 bytes).
    Removing stm32f4xx_hal_irda.o(.text.HAL_IRDA_DeInit), (52 bytes).
    Removing stm32f4xx_hal_irda.o(.ARM.exidx.text.HAL_IRDA_DeInit), (8 bytes).
    Removing stm32f4xx_hal_irda.o(.text.HAL_IRDA_MspDeInit), (2 bytes).
    Removing stm32f4xx_hal_irda.o(.ARM.exidx.text.HAL_IRDA_MspDeInit), (8 bytes).
    Removing stm32f4xx_hal_irda.o(.text.HAL_IRDA_Transmit), (390 bytes).
    Removing stm32f4xx_hal_irda.o(.ARM.exidx.text.HAL_IRDA_Transmit), (8 bytes).
    Removing stm32f4xx_hal_irda.o(.text.HAL_IRDA_Receive), (334 bytes).
    Removing stm32f4xx_hal_irda.o(.ARM.exidx.text.HAL_IRDA_Receive), (8 bytes).
    Removing stm32f4xx_hal_irda.o(.text.HAL_IRDA_Transmit_IT), (68 bytes).
    Removing stm32f4xx_hal_irda.o(.ARM.exidx.text.HAL_IRDA_Transmit_IT), (8 bytes).
    Removing stm32f4xx_hal_irda.o(.text.HAL_IRDA_Receive_IT), (90 bytes).
    Removing stm32f4xx_hal_irda.o(.ARM.exidx.text.HAL_IRDA_Receive_IT), (8 bytes).
    Removing stm32f4xx_hal_irda.o(.text.HAL_IRDA_Transmit_DMA), (124 bytes).
    Removing stm32f4xx_hal_irda.o(.ARM.exidx.text.HAL_IRDA_Transmit_DMA), (8 bytes).
    Removing stm32f4xx_hal_irda.o(.text.IRDA_DMATransmitCplt), (38 bytes).
    Removing stm32f4xx_hal_irda.o(.ARM.exidx.text.IRDA_DMATransmitCplt), (8 bytes).
    Removing stm32f4xx_hal_irda.o(.text.IRDA_DMATransmitHalfCplt), (6 bytes).
    Removing stm32f4xx_hal_irda.o(.ARM.exidx.text.IRDA_DMATransmitHalfCplt), (8 bytes).
    Removing stm32f4xx_hal_irda.o(.text.IRDA_DMAError), (92 bytes).
    Removing stm32f4xx_hal_irda.o(.ARM.exidx.text.IRDA_DMAError), (8 bytes).
    Removing stm32f4xx_hal_irda.o(.text.HAL_IRDA_Receive_DMA), (166 bytes).
    Removing stm32f4xx_hal_irda.o(.ARM.exidx.text.HAL_IRDA_Receive_DMA), (8 bytes).
    Removing stm32f4xx_hal_irda.o(.text.IRDA_DMAReceiveCplt), (54 bytes).
    Removing stm32f4xx_hal_irda.o(.ARM.exidx.text.IRDA_DMAReceiveCplt), (8 bytes).
    Removing stm32f4xx_hal_irda.o(.text.IRDA_DMAReceiveHalfCplt), (6 bytes).
    Removing stm32f4xx_hal_irda.o(.ARM.exidx.text.IRDA_DMAReceiveHalfCplt), (8 bytes).
    Removing stm32f4xx_hal_irda.o(.text.HAL_IRDA_DMAPause), (88 bytes).
    Removing stm32f4xx_hal_irda.o(.ARM.exidx.text.HAL_IRDA_DMAPause), (8 bytes).
    Removing stm32f4xx_hal_irda.o(.text.HAL_IRDA_DMAResume), (102 bytes).
    Removing stm32f4xx_hal_irda.o(.ARM.exidx.text.HAL_IRDA_DMAResume), (8 bytes).
    Removing stm32f4xx_hal_irda.o(.text.HAL_IRDA_DMAStop), (114 bytes).
    Removing stm32f4xx_hal_irda.o(.ARM.exidx.text.HAL_IRDA_DMAStop), (8 bytes).
    Removing stm32f4xx_hal_irda.o(.text.HAL_IRDA_Abort), (98 bytes).
    Removing stm32f4xx_hal_irda.o(.ARM.exidx.text.HAL_IRDA_Abort), (8 bytes).
    Removing stm32f4xx_hal_irda.o(.text.HAL_IRDA_AbortTransmit), (54 bytes).
    Removing stm32f4xx_hal_irda.o(.ARM.exidx.text.HAL_IRDA_AbortTransmit), (8 bytes).
    Removing stm32f4xx_hal_irda.o(.text.HAL_IRDA_AbortReceive), (62 bytes).
    Removing stm32f4xx_hal_irda.o(.ARM.exidx.text.HAL_IRDA_AbortReceive), (8 bytes).
    Removing stm32f4xx_hal_irda.o(.text.HAL_IRDA_Abort_IT), (166 bytes).
    Removing stm32f4xx_hal_irda.o(.ARM.exidx.text.HAL_IRDA_Abort_IT), (8 bytes).
    Removing stm32f4xx_hal_irda.o(.text.IRDA_DMATxAbortCallback), (40 bytes).
    Removing stm32f4xx_hal_irda.o(.ARM.exidx.text.IRDA_DMATxAbortCallback), (8 bytes).
    Removing stm32f4xx_hal_irda.o(.text.IRDA_DMARxAbortCallback), (40 bytes).
    Removing stm32f4xx_hal_irda.o(.ARM.exidx.text.IRDA_DMARxAbortCallback), (8 bytes).
    Removing stm32f4xx_hal_irda.o(.text.HAL_IRDA_AbortCpltCallback), (2 bytes).
    Removing stm32f4xx_hal_irda.o(.ARM.exidx.text.HAL_IRDA_AbortCpltCallback), (8 bytes).
    Removing stm32f4xx_hal_irda.o(.text.HAL_IRDA_AbortTransmit_IT), (100 bytes).
    Removing stm32f4xx_hal_irda.o(.ARM.exidx.text.HAL_IRDA_AbortTransmit_IT), (8 bytes).
    Removing stm32f4xx_hal_irda.o(.text.IRDA_DMATxOnlyAbortCallback), (16 bytes).
    Removing stm32f4xx_hal_irda.o(.ARM.exidx.text.IRDA_DMATxOnlyAbortCallback), (8 bytes).
    Removing stm32f4xx_hal_irda.o(.text.HAL_IRDA_AbortTransmitCpltCallback), (2 bytes).
    Removing stm32f4xx_hal_irda.o(.ARM.exidx.text.HAL_IRDA_AbortTransmitCpltCallback), (8 bytes).
    Removing stm32f4xx_hal_irda.o(.text.HAL_IRDA_AbortReceive_IT), (108 bytes).
    Removing stm32f4xx_hal_irda.o(.ARM.exidx.text.HAL_IRDA_AbortReceive_IT), (8 bytes).
    Removing stm32f4xx_hal_irda.o(.text.IRDA_DMARxOnlyAbortCallback), (16 bytes).
    Removing stm32f4xx_hal_irda.o(.ARM.exidx.text.IRDA_DMARxOnlyAbortCallback), (8 bytes).
    Removing stm32f4xx_hal_irda.o(.text.HAL_IRDA_AbortReceiveCpltCallback), (2 bytes).
    Removing stm32f4xx_hal_irda.o(.ARM.exidx.text.HAL_IRDA_AbortReceiveCpltCallback), (8 bytes).
    Removing stm32f4xx_hal_irda.o(.text.HAL_IRDA_IRQHandler), (632 bytes).
    Removing stm32f4xx_hal_irda.o(.ARM.exidx.text.HAL_IRDA_IRQHandler), (8 bytes).
    Removing stm32f4xx_hal_irda.o(.text.IRDA_DMAAbortOnError), (12 bytes).
    Removing stm32f4xx_hal_irda.o(.ARM.exidx.text.IRDA_DMAAbortOnError), (8 bytes).
    Removing stm32f4xx_hal_irda.o(.text.HAL_IRDA_ErrorCallback), (2 bytes).
    Removing stm32f4xx_hal_irda.o(.ARM.exidx.text.HAL_IRDA_ErrorCallback), (8 bytes).
    Removing stm32f4xx_hal_irda.o(.text.HAL_IRDA_TxCpltCallback), (2 bytes).
    Removing stm32f4xx_hal_irda.o(.ARM.exidx.text.HAL_IRDA_TxCpltCallback), (8 bytes).
    Removing stm32f4xx_hal_irda.o(.text.HAL_IRDA_TxHalfCpltCallback), (2 bytes).
    Removing stm32f4xx_hal_irda.o(.ARM.exidx.text.HAL_IRDA_TxHalfCpltCallback), (8 bytes).
    Removing stm32f4xx_hal_irda.o(.text.HAL_IRDA_RxCpltCallback), (2 bytes).
    Removing stm32f4xx_hal_irda.o(.ARM.exidx.text.HAL_IRDA_RxCpltCallback), (8 bytes).
    Removing stm32f4xx_hal_irda.o(.text.HAL_IRDA_RxHalfCpltCallback), (2 bytes).
    Removing stm32f4xx_hal_irda.o(.ARM.exidx.text.HAL_IRDA_RxHalfCpltCallback), (8 bytes).
    Removing stm32f4xx_hal_irda.o(.text.HAL_IRDA_GetState), (14 bytes).
    Removing stm32f4xx_hal_irda.o(.ARM.exidx.text.HAL_IRDA_GetState), (8 bytes).
    Removing stm32f4xx_hal_irda.o(.text.HAL_IRDA_GetError), (4 bytes).
    Removing stm32f4xx_hal_irda.o(.ARM.exidx.text.HAL_IRDA_GetError), (8 bytes).
    Removing stm32f4xx_hal_dac_ex.o(.text), (0 bytes).
    Removing stm32f4xx_hal_dac_ex.o(.text.HAL_DACEx_DualStart), (76 bytes).
    Removing stm32f4xx_hal_dac_ex.o(.ARM.exidx.text.HAL_DACEx_DualStart), (8 bytes).
    Removing stm32f4xx_hal_dac_ex.o(.text.HAL_DACEx_DualStop), (28 bytes).
    Removing stm32f4xx_hal_dac_ex.o(.ARM.exidx.text.HAL_DACEx_DualStop), (8 bytes).
    Removing stm32f4xx_hal_dac_ex.o(.text.HAL_DACEx_TriangleWaveGenerate), (62 bytes).
    Removing stm32f4xx_hal_dac_ex.o(.ARM.exidx.text.HAL_DACEx_TriangleWaveGenerate), (8 bytes).
    Removing stm32f4xx_hal_dac_ex.o(.text.HAL_DACEx_NoiseWaveGenerate), (62 bytes).
    Removing stm32f4xx_hal_dac_ex.o(.ARM.exidx.text.HAL_DACEx_NoiseWaveGenerate), (8 bytes).
    Removing stm32f4xx_hal_dac_ex.o(.text.HAL_DACEx_DualSetValue), (28 bytes).
    Removing stm32f4xx_hal_dac_ex.o(.ARM.exidx.text.HAL_DACEx_DualSetValue), (8 bytes).
    Removing stm32f4xx_hal_dac_ex.o(.text.HAL_DACEx_ConvCpltCallbackCh2), (2 bytes).
    Removing stm32f4xx_hal_dac_ex.o(.ARM.exidx.text.HAL_DACEx_ConvCpltCallbackCh2), (8 bytes).
    Removing stm32f4xx_hal_dac_ex.o(.text.HAL_DACEx_ConvHalfCpltCallbackCh2), (2 bytes).
    Removing stm32f4xx_hal_dac_ex.o(.ARM.exidx.text.HAL_DACEx_ConvHalfCpltCallbackCh2), (8 bytes).
    Removing stm32f4xx_hal_dac_ex.o(.text.HAL_DACEx_ErrorCallbackCh2), (2 bytes).
    Removing stm32f4xx_hal_dac_ex.o(.ARM.exidx.text.HAL_DACEx_ErrorCallbackCh2), (8 bytes).
    Removing stm32f4xx_hal_dac_ex.o(.text.HAL_DACEx_DMAUnderrunCallbackCh2), (2 bytes).
    Removing stm32f4xx_hal_dac_ex.o(.ARM.exidx.text.HAL_DACEx_DMAUnderrunCallbackCh2), (8 bytes).
    Removing stm32f4xx_hal_dac_ex.o(.text.HAL_DACEx_DualGetValue), (12 bytes).
    Removing stm32f4xx_hal_dac_ex.o(.ARM.exidx.text.HAL_DACEx_DualGetValue), (8 bytes).
    Removing stm32f4xx_hal_dac_ex.o(.text.DAC_DMAConvCpltCh2), (16 bytes).
    Removing stm32f4xx_hal_dac_ex.o(.ARM.exidx.text.DAC_DMAConvCpltCh2), (8 bytes).
    Removing stm32f4xx_hal_dac_ex.o(.text.DAC_DMAHalfConvCpltCh2), (6 bytes).
    Removing stm32f4xx_hal_dac_ex.o(.ARM.exidx.text.DAC_DMAHalfConvCpltCh2), (8 bytes).
    Removing stm32f4xx_hal_dac_ex.o(.text.DAC_DMAErrorCh2), (24 bytes).
    Removing stm32f4xx_hal_dac_ex.o(.ARM.exidx.text.DAC_DMAErrorCh2), (8 bytes).
    Removing stm32f4xx_hal_rcc.o(.text), (0 bytes).
    Removing stm32f4xx_hal_rcc.o(.text.HAL_RCC_DeInit), (4 bytes).
    Removing stm32f4xx_hal_rcc.o(.ARM.exidx.text.HAL_RCC_DeInit), (8 bytes).
    Removing stm32f4xx_hal_rcc.o(.ARM.exidx.text.HAL_RCC_OscConfig), (8 bytes).
    Removing stm32f4xx_hal_rcc.o(.ARM.exidx.text.HAL_RCC_ClockConfig), (8 bytes).
    Removing stm32f4xx_hal_rcc.o(.ARM.exidx.text.HAL_RCC_GetSysClockFreq), (8 bytes).
    Removing stm32f4xx_hal_rcc.o(.text.HAL_RCC_MCOConfig), (168 bytes).
    Removing stm32f4xx_hal_rcc.o(.ARM.exidx.text.HAL_RCC_MCOConfig), (8 bytes).
    Removing stm32f4xx_hal_rcc.o(.text.HAL_RCC_EnableCSS), (12 bytes).
    Removing stm32f4xx_hal_rcc.o(.ARM.exidx.text.HAL_RCC_EnableCSS), (8 bytes).
    Removing stm32f4xx_hal_rcc.o(.text.HAL_RCC_DisableCSS), (12 bytes).
    Removing stm32f4xx_hal_rcc.o(.ARM.exidx.text.HAL_RCC_DisableCSS), (8 bytes).
    Removing stm32f4xx_hal_rcc.o(.text.HAL_RCC_GetHCLKFreq), (12 bytes).
    Removing stm32f4xx_hal_rcc.o(.ARM.exidx.text.HAL_RCC_GetHCLKFreq), (8 bytes).
    Removing stm32f4xx_hal_rcc.o(.text.HAL_RCC_GetPCLK1Freq), (38 bytes).
    Removing stm32f4xx_hal_rcc.o(.ARM.exidx.text.HAL_RCC_GetPCLK1Freq), (8 bytes).
    Removing stm32f4xx_hal_rcc.o(.text.HAL_RCC_GetPCLK2Freq), (38 bytes).
    Removing stm32f4xx_hal_rcc.o(.ARM.exidx.text.HAL_RCC_GetPCLK2Freq), (8 bytes).
    Removing stm32f4xx_hal_rcc.o(.text.HAL_RCC_GetOscConfig), (154 bytes).
    Removing stm32f4xx_hal_rcc.o(.ARM.exidx.text.HAL_RCC_GetOscConfig), (8 bytes).
    Removing stm32f4xx_hal_rcc.o(.text.HAL_RCC_GetClockConfig), (62 bytes).
    Removing stm32f4xx_hal_rcc.o(.ARM.exidx.text.HAL_RCC_GetClockConfig), (8 bytes).
    Removing stm32f4xx_hal_rcc.o(.text.HAL_RCC_NMI_IRQHandler), (28 bytes).
    Removing stm32f4xx_hal_rcc.o(.ARM.exidx.text.HAL_RCC_NMI_IRQHandler), (8 bytes).
    Removing stm32f4xx_hal_rcc.o(.text.HAL_RCC_CSSCallback), (2 bytes).
    Removing stm32f4xx_hal_rcc.o(.ARM.exidx.text.HAL_RCC_CSSCallback), (8 bytes).
    Removing stm32f4xx_ll_sdmmc.o(.text), (0 bytes).
    Removing stm32f4xx_ll_sdmmc.o(.text.SDIO_Init), (44 bytes).
    Removing stm32f4xx_ll_sdmmc.o(.ARM.exidx.text.SDIO_Init), (8 bytes).
    Removing stm32f4xx_ll_sdmmc.o(.text.SDIO_ReadFIFO), (6 bytes).
    Removing stm32f4xx_ll_sdmmc.o(.ARM.exidx.text.SDIO_ReadFIFO), (8 bytes).
    Removing stm32f4xx_ll_sdmmc.o(.text.SDIO_WriteFIFO), (12 bytes).
    Removing stm32f4xx_ll_sdmmc.o(.ARM.exidx.text.SDIO_WriteFIFO), (8 bytes).
    Removing stm32f4xx_ll_sdmmc.o(.text.SDIO_PowerState_ON), (10 bytes).
    Removing stm32f4xx_ll_sdmmc.o(.ARM.exidx.text.SDIO_PowerState_ON), (8 bytes).
    Removing stm32f4xx_ll_sdmmc.o(.text.SDIO_PowerState_OFF), (10 bytes).
    Removing stm32f4xx_ll_sdmmc.o(.ARM.exidx.text.SDIO_PowerState_OFF), (8 bytes).
    Removing stm32f4xx_ll_sdmmc.o(.text.SDIO_GetPowerState), (8 bytes).
    Removing stm32f4xx_ll_sdmmc.o(.ARM.exidx.text.SDIO_GetPowerState), (8 bytes).
    Removing stm32f4xx_ll_sdmmc.o(.text.SDIO_SendCommand), (42 bytes).
    Removing stm32f4xx_ll_sdmmc.o(.ARM.exidx.text.SDIO_SendCommand), (8 bytes).
    Removing stm32f4xx_ll_sdmmc.o(.text.SDIO_GetCommandResponse), (6 bytes).
    Removing stm32f4xx_ll_sdmmc.o(.ARM.exidx.text.SDIO_GetCommandResponse), (8 bytes).
    Removing stm32f4xx_ll_sdmmc.o(.text.SDIO_GetResponse), (6 bytes).
    Removing stm32f4xx_ll_sdmmc.o(.ARM.exidx.text.SDIO_GetResponse), (8 bytes).
    Removing stm32f4xx_ll_sdmmc.o(.text.SDIO_ConfigData), (38 bytes).
    Removing stm32f4xx_ll_sdmmc.o(.ARM.exidx.text.SDIO_ConfigData), (8 bytes).
    Removing stm32f4xx_ll_sdmmc.o(.text.SDIO_GetDataCounter), (4 bytes).
    Removing stm32f4xx_ll_sdmmc.o(.ARM.exidx.text.SDIO_GetDataCounter), (8 bytes).
    Removing stm32f4xx_ll_sdmmc.o(.text.SDIO_GetFIFOCount), (6 bytes).
    Removing stm32f4xx_ll_sdmmc.o(.ARM.exidx.text.SDIO_GetFIFOCount), (8 bytes).
    Removing stm32f4xx_ll_sdmmc.o(.text.SDIO_SetSDMMCReadWaitMode), (16 bytes).
    Removing stm32f4xx_ll_sdmmc.o(.ARM.exidx.text.SDIO_SetSDMMCReadWaitMode), (8 bytes).
    Removing stm32f4xx_ll_sdmmc.o(.text.SDMMC_CmdBlockLength), (24 bytes).
    Removing stm32f4xx_ll_sdmmc.o(.ARM.exidx.text.SDMMC_CmdBlockLength), (8 bytes).
    Removing stm32f4xx_ll_sdmmc.o(.text.SDMMC_GetCmdResp1), (358 bytes).
    Removing stm32f4xx_ll_sdmmc.o(.ARM.exidx.text.SDMMC_GetCmdResp1), (8 bytes).
    Removing stm32f4xx_ll_sdmmc.o(.text.SDMMC_CmdReadSingleBlock), (24 bytes).
    Removing stm32f4xx_ll_sdmmc.o(.ARM.exidx.text.SDMMC_CmdReadSingleBlock), (8 bytes).
    Removing stm32f4xx_ll_sdmmc.o(.text.SDMMC_CmdReadMultiBlock), (24 bytes).
    Removing stm32f4xx_ll_sdmmc.o(.ARM.exidx.text.SDMMC_CmdReadMultiBlock), (8 bytes).
    Removing stm32f4xx_ll_sdmmc.o(.text.SDMMC_CmdWriteSingleBlock), (24 bytes).
    Removing stm32f4xx_ll_sdmmc.o(.ARM.exidx.text.SDMMC_CmdWriteSingleBlock), (8 bytes).
    Removing stm32f4xx_ll_sdmmc.o(.text.SDMMC_CmdWriteMultiBlock), (24 bytes).
    Removing stm32f4xx_ll_sdmmc.o(.ARM.exidx.text.SDMMC_CmdWriteMultiBlock), (8 bytes).
    Removing stm32f4xx_ll_sdmmc.o(.text.SDMMC_CmdSDEraseStartAdd), (24 bytes).
    Removing stm32f4xx_ll_sdmmc.o(.ARM.exidx.text.SDMMC_CmdSDEraseStartAdd), (8 bytes).
    Removing stm32f4xx_ll_sdmmc.o(.text.SDMMC_CmdSDEraseEndAdd), (24 bytes).
    Removing stm32f4xx_ll_sdmmc.o(.ARM.exidx.text.SDMMC_CmdSDEraseEndAdd), (8 bytes).
    Removing stm32f4xx_ll_sdmmc.o(.text.SDMMC_CmdEraseStartAdd), (24 bytes).
    Removing stm32f4xx_ll_sdmmc.o(.ARM.exidx.text.SDMMC_CmdEraseStartAdd), (8 bytes).
    Removing stm32f4xx_ll_sdmmc.o(.text.SDMMC_CmdEraseEndAdd), (24 bytes).
    Removing stm32f4xx_ll_sdmmc.o(.ARM.exidx.text.SDMMC_CmdEraseEndAdd), (8 bytes).
    Removing stm32f4xx_ll_sdmmc.o(.text.SDMMC_CmdErase), (26 bytes).
    Removing stm32f4xx_ll_sdmmc.o(.ARM.exidx.text.SDMMC_CmdErase), (8 bytes).
    Removing stm32f4xx_ll_sdmmc.o(.text.SDMMC_CmdStopTransfer), (30 bytes).
    Removing stm32f4xx_ll_sdmmc.o(.ARM.exidx.text.SDMMC_CmdStopTransfer), (8 bytes).
    Removing stm32f4xx_ll_sdmmc.o(.text.SDMMC_CmdSelDesel), (24 bytes).
    Removing stm32f4xx_ll_sdmmc.o(.ARM.exidx.text.SDMMC_CmdSelDesel), (8 bytes).
    Removing stm32f4xx_ll_sdmmc.o(.text.SDMMC_CmdGoIdleState), (96 bytes).
    Removing stm32f4xx_ll_sdmmc.o(.ARM.exidx.text.SDMMC_CmdGoIdleState), (8 bytes).
    Removing stm32f4xx_ll_sdmmc.o(.text.SDMMC_CmdOperCond), (166 bytes).
    Removing stm32f4xx_ll_sdmmc.o(.ARM.exidx.text.SDMMC_CmdOperCond), (8 bytes).
    Removing stm32f4xx_ll_sdmmc.o(.text.SDMMC_GetCmdResp7), (146 bytes).
    Removing stm32f4xx_ll_sdmmc.o(.ARM.exidx.text.SDMMC_GetCmdResp7), (8 bytes).
    Removing stm32f4xx_ll_sdmmc.o(.text.SDMMC_CmdAppCommand), (24 bytes).
    Removing stm32f4xx_ll_sdmmc.o(.ARM.exidx.text.SDMMC_CmdAppCommand), (8 bytes).
    Removing stm32f4xx_ll_sdmmc.o(.text.SDMMC_CmdAppOperCommand), (144 bytes).
    Removing stm32f4xx_ll_sdmmc.o(.ARM.exidx.text.SDMMC_CmdAppOperCommand), (8 bytes).
    Removing stm32f4xx_ll_sdmmc.o(.text.SDMMC_GetCmdResp3), (120 bytes).
    Removing stm32f4xx_ll_sdmmc.o(.ARM.exidx.text.SDMMC_GetCmdResp3), (8 bytes).
    Removing stm32f4xx_ll_sdmmc.o(.text.SDMMC_CmdBusWidth), (24 bytes).
    Removing stm32f4xx_ll_sdmmc.o(.ARM.exidx.text.SDMMC_CmdBusWidth), (8 bytes).
    Removing stm32f4xx_ll_sdmmc.o(.text.SDMMC_CmdSendSCR), (26 bytes).
    Removing stm32f4xx_ll_sdmmc.o(.ARM.exidx.text.SDMMC_CmdSendSCR), (8 bytes).
    Removing stm32f4xx_ll_sdmmc.o(.text.SDMMC_CmdSendCID), (156 bytes).
    Removing stm32f4xx_ll_sdmmc.o(.ARM.exidx.text.SDMMC_CmdSendCID), (8 bytes).
    Removing stm32f4xx_ll_sdmmc.o(.text.SDMMC_GetCmdResp2), (140 bytes).
    Removing stm32f4xx_ll_sdmmc.o(.ARM.exidx.text.SDMMC_GetCmdResp2), (8 bytes).
    Removing stm32f4xx_ll_sdmmc.o(.text.SDMMC_CmdSendCSD), (156 bytes).
    Removing stm32f4xx_ll_sdmmc.o(.ARM.exidx.text.SDMMC_CmdSendCSD), (8 bytes).
    Removing stm32f4xx_ll_sdmmc.o(.text.SDMMC_CmdSetRelAdd), (204 bytes).
    Removing stm32f4xx_ll_sdmmc.o(.ARM.exidx.text.SDMMC_CmdSetRelAdd), (8 bytes).
    Removing stm32f4xx_ll_sdmmc.o(.text.SDMMC_GetCmdResp6), (212 bytes).
    Removing stm32f4xx_ll_sdmmc.o(.ARM.exidx.text.SDMMC_GetCmdResp6), (8 bytes).
    Removing stm32f4xx_ll_sdmmc.o(.text.SDMMC_CmdSetRelAddMmc), (26 bytes).
    Removing stm32f4xx_ll_sdmmc.o(.ARM.exidx.text.SDMMC_CmdSetRelAddMmc), (8 bytes).
    Removing stm32f4xx_ll_sdmmc.o(.text.SDMMC_CmdSendStatus), (24 bytes).
    Removing stm32f4xx_ll_sdmmc.o(.ARM.exidx.text.SDMMC_CmdSendStatus), (8 bytes).
    Removing stm32f4xx_ll_sdmmc.o(.text.SDMMC_CmdStatusRegister), (26 bytes).
    Removing stm32f4xx_ll_sdmmc.o(.ARM.exidx.text.SDMMC_CmdStatusRegister), (8 bytes).
    Removing stm32f4xx_ll_sdmmc.o(.text.SDMMC_CmdOpCondition), (136 bytes).
    Removing stm32f4xx_ll_sdmmc.o(.ARM.exidx.text.SDMMC_CmdOpCondition), (8 bytes).
    Removing stm32f4xx_ll_sdmmc.o(.text.SDMMC_CmdSwitch), (24 bytes).
    Removing stm32f4xx_ll_sdmmc.o(.ARM.exidx.text.SDMMC_CmdSwitch), (8 bytes).
    Removing stm32f4xx_ll_sdmmc.o(.text.SDMMC_CmdSendEXTCSD), (24 bytes).
    Removing stm32f4xx_ll_sdmmc.o(.ARM.exidx.text.SDMMC_CmdSendEXTCSD), (8 bytes).
    Removing stm32f4xx_hal_spi.o(.text), (0 bytes).
    Removing stm32f4xx_hal_spi.o(.text.HAL_SPI_Init), (198 bytes).
    Removing stm32f4xx_hal_spi.o(.ARM.exidx.text.HAL_SPI_Init), (8 bytes).
    Removing stm32f4xx_hal_spi.o(.text.HAL_SPI_MspInit), (2 bytes).
    Removing stm32f4xx_hal_spi.o(.ARM.exidx.text.HAL_SPI_MspInit), (8 bytes).
    Removing stm32f4xx_hal_spi.o(.text.HAL_SPI_DeInit), (48 bytes).
    Removing stm32f4xx_hal_spi.o(.ARM.exidx.text.HAL_SPI_DeInit), (8 bytes).
    Removing stm32f4xx_hal_spi.o(.text.HAL_SPI_MspDeInit), (2 bytes).
    Removing stm32f4xx_hal_spi.o(.ARM.exidx.text.HAL_SPI_MspDeInit), (8 bytes).
    Removing stm32f4xx_hal_spi.o(.text.HAL_SPI_Transmit), (662 bytes).
    Removing stm32f4xx_hal_spi.o(.ARM.exidx.text.HAL_SPI_Transmit), (8 bytes).
    Removing stm32f4xx_hal_spi.o(.text.HAL_SPI_Receive), (670 bytes).
    Removing stm32f4xx_hal_spi.o(.ARM.exidx.text.HAL_SPI_Receive), (8 bytes).
    Removing stm32f4xx_hal_spi.o(.text.HAL_SPI_TransmitReceive), (766 bytes).
    Removing stm32f4xx_hal_spi.o(.ARM.exidx.text.HAL_SPI_TransmitReceive), (8 bytes).
    Removing stm32f4xx_hal_spi.o(.text.SPI_WaitFlagStateUntilTimeout), (288 bytes).
    Removing stm32f4xx_hal_spi.o(.ARM.exidx.text.SPI_WaitFlagStateUntilTimeout), (8 bytes).
    Removing stm32f4xx_hal_spi.o(.text.HAL_SPI_Transmit_IT), (192 bytes).
    Removing stm32f4xx_hal_spi.o(.ARM.exidx.text.HAL_SPI_Transmit_IT), (8 bytes).
    Removing stm32f4xx_hal_spi.o(.text.SPI_TxISR_16BIT), (50 bytes).
    Removing stm32f4xx_hal_spi.o(.ARM.exidx.text.SPI_TxISR_16BIT), (8 bytes).
    Removing stm32f4xx_hal_spi.o(.text.SPI_TxISR_8BIT), (54 bytes).
    Removing stm32f4xx_hal_spi.o(.ARM.exidx.text.SPI_TxISR_8BIT), (8 bytes).
    Removing stm32f4xx_hal_spi.o(.text.HAL_SPI_Receive_IT), (376 bytes).
    Removing stm32f4xx_hal_spi.o(.ARM.exidx.text.HAL_SPI_Receive_IT), (8 bytes).
    Removing stm32f4xx_hal_spi.o(.text.HAL_SPI_TransmitReceive_IT), (250 bytes).
    Removing stm32f4xx_hal_spi.o(.ARM.exidx.text.HAL_SPI_TransmitReceive_IT), (8 bytes).
    Removing stm32f4xx_hal_spi.o(.text.SPI_RxISR_16BIT), (72 bytes).
    Removing stm32f4xx_hal_spi.o(.ARM.exidx.text.SPI_RxISR_16BIT), (8 bytes).
    Removing stm32f4xx_hal_spi.o(.text.SPI_RxISR_8BIT), (76 bytes).
    Removing stm32f4xx_hal_spi.o(.ARM.exidx.text.SPI_RxISR_8BIT), (8 bytes).
    Removing stm32f4xx_hal_spi.o(.text.SPI_2linesRxISR_16BIT), (68 bytes).
    Removing stm32f4xx_hal_spi.o(.ARM.exidx.text.SPI_2linesRxISR_16BIT), (8 bytes).
    Removing stm32f4xx_hal_spi.o(.text.SPI_2linesTxISR_16BIT), (72 bytes).
    Removing stm32f4xx_hal_spi.o(.ARM.exidx.text.SPI_2linesTxISR_16BIT), (8 bytes).
    Removing stm32f4xx_hal_spi.o(.text.SPI_2linesRxISR_8BIT), (70 bytes).
    Removing stm32f4xx_hal_spi.o(.ARM.exidx.text.SPI_2linesRxISR_8BIT), (8 bytes).
    Removing stm32f4xx_hal_spi.o(.text.SPI_2linesTxISR_8BIT), (76 bytes).
    Removing stm32f4xx_hal_spi.o(.ARM.exidx.text.SPI_2linesTxISR_8BIT), (8 bytes).
    Removing stm32f4xx_hal_spi.o(.text.HAL_SPI_Transmit_DMA), (254 bytes).
    Removing stm32f4xx_hal_spi.o(.ARM.exidx.text.HAL_SPI_Transmit_DMA), (8 bytes).
    Removing stm32f4xx_hal_spi.o(.text.SPI_DMAHalfTransmitCplt), (6 bytes).
    Removing stm32f4xx_hal_spi.o(.ARM.exidx.text.SPI_DMAHalfTransmitCplt), (8 bytes).
    Removing stm32f4xx_hal_spi.o(.text.SPI_DMATransmitCplt), (248 bytes).
    Removing stm32f4xx_hal_spi.o(.ARM.exidx.text.SPI_DMATransmitCplt), (8 bytes).
    Removing stm32f4xx_hal_spi.o(.text.SPI_DMAError), (30 bytes).
    Removing stm32f4xx_hal_spi.o(.ARM.exidx.text.SPI_DMAError), (8 bytes).
    Removing stm32f4xx_hal_spi.o(.text.HAL_SPI_Receive_DMA), (294 bytes).
    Removing stm32f4xx_hal_spi.o(.ARM.exidx.text.HAL_SPI_Receive_DMA), (8 bytes).
    Removing stm32f4xx_hal_spi.o(.text.HAL_SPI_TransmitReceive_DMA), (342 bytes).
    Removing stm32f4xx_hal_spi.o(.ARM.exidx.text.HAL_SPI_TransmitReceive_DMA), (8 bytes).
    Removing stm32f4xx_hal_spi.o(.text.SPI_DMAHalfReceiveCplt), (6 bytes).
    Removing stm32f4xx_hal_spi.o(.ARM.exidx.text.SPI_DMAHalfReceiveCplt), (8 bytes).
    Removing stm32f4xx_hal_spi.o(.text.SPI_DMAReceiveCplt), (236 bytes).
    Removing stm32f4xx_hal_spi.o(.ARM.exidx.text.SPI_DMAReceiveCplt), (8 bytes).
    Removing stm32f4xx_hal_spi.o(.text.SPI_DMAHalfTransmitReceiveCplt), (6 bytes).
    Removing stm32f4xx_hal_spi.o(.ARM.exidx.text.SPI_DMAHalfTransmitReceiveCplt), (8 bytes).
    Removing stm32f4xx_hal_spi.o(.text.SPI_DMATransmitReceiveCplt), (296 bytes).
    Removing stm32f4xx_hal_spi.o(.ARM.exidx.text.SPI_DMATransmitReceiveCplt), (8 bytes).
    Removing stm32f4xx_hal_spi.o(.text.HAL_SPI_Abort), (480 bytes).
    Removing stm32f4xx_hal_spi.o(.ARM.exidx.text.HAL_SPI_Abort), (8 bytes).
    Removing stm32f4xx_hal_spi.o(.text.SPI_AbortTx_ISR), (26 bytes).
    Removing stm32f4xx_hal_spi.o(.ARM.exidx.text.SPI_AbortTx_ISR), (8 bytes).
    Removing stm32f4xx_hal_spi.o(.text.SPI_AbortRx_ISR), (154 bytes).
    Removing stm32f4xx_hal_spi.o(.ARM.exidx.text.SPI_AbortRx_ISR), (8 bytes).
    Removing stm32f4xx_hal_spi.o(.text.HAL_SPI_Abort_IT), (446 bytes).
    Removing stm32f4xx_hal_spi.o(.ARM.exidx.text.HAL_SPI_Abort_IT), (8 bytes).
    Removing stm32f4xx_hal_spi.o(.text.SPI_DMATxAbortCallback), (186 bytes).
    Removing stm32f4xx_hal_spi.o(.ARM.exidx.text.SPI_DMATxAbortCallback), (8 bytes).
    Removing stm32f4xx_hal_spi.o(.text.SPI_DMARxAbortCallback), (262 bytes).
    Removing stm32f4xx_hal_spi.o(.ARM.exidx.text.SPI_DMARxAbortCallback), (8 bytes).
    Removing stm32f4xx_hal_spi.o(.text.HAL_SPI_AbortCpltCallback), (2 bytes).
    Removing stm32f4xx_hal_spi.o(.ARM.exidx.text.HAL_SPI_AbortCpltCallback), (8 bytes).
    Removing stm32f4xx_hal_spi.o(.text.HAL_SPI_DMAPause), (32 bytes).
    Removing stm32f4xx_hal_spi.o(.ARM.exidx.text.HAL_SPI_DMAPause), (8 bytes).
    Removing stm32f4xx_hal_spi.o(.text.HAL_SPI_DMAResume), (32 bytes).
    Removing stm32f4xx_hal_spi.o(.ARM.exidx.text.HAL_SPI_DMAResume), (8 bytes).
    Removing stm32f4xx_hal_spi.o(.text.HAL_SPI_DMAStop), (74 bytes).
    Removing stm32f4xx_hal_spi.o(.ARM.exidx.text.HAL_SPI_DMAStop), (8 bytes).
    Removing stm32f4xx_hal_spi.o(.text.HAL_SPI_IRQHandler), (300 bytes).
    Removing stm32f4xx_hal_spi.o(.ARM.exidx.text.HAL_SPI_IRQHandler), (8 bytes).
    Removing stm32f4xx_hal_spi.o(.text.SPI_DMAAbortOnError), (12 bytes).
    Removing stm32f4xx_hal_spi.o(.ARM.exidx.text.SPI_DMAAbortOnError), (8 bytes).
    Removing stm32f4xx_hal_spi.o(.text.HAL_SPI_ErrorCallback), (2 bytes).
    Removing stm32f4xx_hal_spi.o(.ARM.exidx.text.HAL_SPI_ErrorCallback), (8 bytes).
    Removing stm32f4xx_hal_spi.o(.text.HAL_SPI_TxCpltCallback), (2 bytes).
    Removing stm32f4xx_hal_spi.o(.ARM.exidx.text.HAL_SPI_TxCpltCallback), (8 bytes).
    Removing stm32f4xx_hal_spi.o(.text.HAL_SPI_RxCpltCallback), (2 bytes).
    Removing stm32f4xx_hal_spi.o(.ARM.exidx.text.HAL_SPI_RxCpltCallback), (8 bytes).
    Removing stm32f4xx_hal_spi.o(.text.HAL_SPI_TxRxCpltCallback), (2 bytes).
    Removing stm32f4xx_hal_spi.o(.ARM.exidx.text.HAL_SPI_TxRxCpltCallback), (8 bytes).
    Removing stm32f4xx_hal_spi.o(.text.HAL_SPI_TxHalfCpltCallback), (2 bytes).
    Removing stm32f4xx_hal_spi.o(.ARM.exidx.text.HAL_SPI_TxHalfCpltCallback), (8 bytes).
    Removing stm32f4xx_hal_spi.o(.text.HAL_SPI_RxHalfCpltCallback), (2 bytes).
    Removing stm32f4xx_hal_spi.o(.ARM.exidx.text.HAL_SPI_RxHalfCpltCallback), (8 bytes).
    Removing stm32f4xx_hal_spi.o(.text.HAL_SPI_TxRxHalfCpltCallback), (2 bytes).
    Removing stm32f4xx_hal_spi.o(.ARM.exidx.text.HAL_SPI_TxRxHalfCpltCallback), (8 bytes).
    Removing stm32f4xx_hal_spi.o(.text.HAL_SPI_GetState), (6 bytes).
    Removing stm32f4xx_hal_spi.o(.ARM.exidx.text.HAL_SPI_GetState), (8 bytes).
    Removing stm32f4xx_hal_spi.o(.text.HAL_SPI_GetError), (4 bytes).
    Removing stm32f4xx_hal_spi.o(.ARM.exidx.text.HAL_SPI_GetError), (8 bytes).
    Removing stm32f4xx_hal_spi.o(.text.SPI_2linesRxISR_8BITCRC), (42 bytes).
    Removing stm32f4xx_hal_spi.o(.ARM.exidx.text.SPI_2linesRxISR_8BITCRC), (8 bytes).
    Removing stm32f4xx_hal_spi.o(.text.SPI_CloseRxTx_ISR), (402 bytes).
    Removing stm32f4xx_hal_spi.o(.ARM.exidx.text.SPI_CloseRxTx_ISR), (8 bytes).
    Removing stm32f4xx_hal_spi.o(.text.SPI_2linesRxISR_16BITCRC), (28 bytes).
    Removing stm32f4xx_hal_spi.o(.ARM.exidx.text.SPI_2linesRxISR_16BITCRC), (8 bytes).
    Removing stm32f4xx_hal_spi.o(.text.SPI_RxISR_8BITCRC), (26 bytes).
    Removing stm32f4xx_hal_spi.o(.ARM.exidx.text.SPI_RxISR_8BITCRC), (8 bytes).
    Removing stm32f4xx_hal_spi.o(.text.SPI_CloseRx_ISR), (188 bytes).
    Removing stm32f4xx_hal_spi.o(.ARM.exidx.text.SPI_CloseRx_ISR), (8 bytes).
    Removing stm32f4xx_hal_spi.o(.text.SPI_RxISR_16BITCRC), (28 bytes).
    Removing stm32f4xx_hal_spi.o(.ARM.exidx.text.SPI_RxISR_16BITCRC), (8 bytes).
    Removing stm32f4xx_hal_spi.o(.text.SPI_CloseTx_ISR), (332 bytes).
    Removing stm32f4xx_hal_spi.o(.ARM.exidx.text.SPI_CloseTx_ISR), (8 bytes).
    Removing stm32f4xx_hal_sai_ex.o(.text), (0 bytes).
    Removing stm32f4xx_hal_sai_ex.o(.text.SAI_BlockSynchroConfig), (32 bytes).
    Removing stm32f4xx_hal_sai_ex.o(.ARM.exidx.text.SAI_BlockSynchroConfig), (8 bytes).
    Removing stm32f4xx_hal_sai_ex.o(.text.SAI_GetInputClock), (198 bytes).
    Removing stm32f4xx_hal_sai_ex.o(.ARM.exidx.text.SAI_GetInputClock), (8 bytes).
    Removing startup_stm32f429xx.o(HEAP), (512 bytes).

2882 unused section(s) (total 192889 bytes) removed from the image.

==============================================================================

Image Symbol Table

    Local Symbols

    Symbol Name                              Value     Ov Type        Size  Object(Section)

    ../clib/microlib/division.c              0x00000000   Number         0  uldiv.o ABSOLUTE
    ../clib/microlib/init/entry.s            0x00000000   Number         0  entry.o ABSOLUTE
    ../clib/microlib/init/entry.s            0x00000000   Number         0  entry2.o ABSOLUTE
    ../clib/microlib/init/entry.s            0x00000000   Number         0  entry5.o ABSOLUTE
    ../clib/microlib/init/entry.s            0x00000000   Number         0  entry7a.o ABSOLUTE
    ../clib/microlib/init/entry.s            0x00000000   Number         0  entry7b.o ABSOLUTE
    ../clib/microlib/init/entry.s            0x00000000   Number         0  entry8a.o ABSOLUTE
    ../clib/microlib/init/entry.s            0x00000000   Number         0  entry8b.o ABSOLUTE
    ../clib/microlib/init/entry.s            0x00000000   Number         0  entry9a.o ABSOLUTE
    ../clib/microlib/init/entry.s            0x00000000   Number         0  entry9b.o ABSOLUTE
    ../clib/microlib/init/entry.s            0x00000000   Number         0  entry10a.o ABSOLUTE
    ../clib/microlib/init/entry.s            0x00000000   Number         0  entry10b.o ABSOLUTE
    ../clib/microlib/init/entry.s            0x00000000   Number         0  entry11a.o ABSOLUTE
    ../clib/microlib/init/entry.s            0x00000000   Number         0  entry11b.o ABSOLUTE
    ../clib/microlib/longlong.c              0x00000000   Number         0  llshl.o ABSOLUTE
    ../clib/microlib/longlong.c              0x00000000   Number         0  llushr.o ABSOLUTE
    dc.s                                     0x00000000   Number         0  dc.o ABSOLUTE
    handlers.s                               0x00000000   Number         0  handlers.o ABSOLUTE
    ili9341.c                                0x00000000   Number         0  ili9341.o ABSOLUTE
    init.s                                   0x00000000   Number         0  init.o ABSOLUTE
    l3gd20.c                                 0x00000000   Number         0  l3gd20.o ABSOLUTE
    main.c                                   0x00000000   Number         0  main.o ABSOLUTE
    startup_stm32f429xx.s                    0x00000000   Number         0  startup_stm32f429xx.o ABSOLUTE
    stm32f429i_discovery.c                   0x00000000   Number         0  stm32f429i_discovery.o ABSOLUTE
    stm32f429i_discovery_eeprom.c            0x00000000   Number         0  stm32f429i_discovery_eeprom.o ABSOLUTE
    stm32f429i_discovery_gyroscope.c         0x00000000   Number         0  stm32f429i_discovery_gyroscope.o ABSOLUTE
    stm32f429i_discovery_io.c                0x00000000   Number         0  stm32f429i_discovery_io.o ABSOLUTE
    stm32f429i_discovery_lcd.c               0x00000000   Number         0  stm32f429i_discovery_lcd.o ABSOLUTE
    stm32f429i_discovery_sdram.c             0x00000000   Number         0  stm32f429i_discovery_sdram.o ABSOLUTE
    stm32f429i_discovery_ts.c                0x00000000   Number         0  stm32f429i_discovery_ts.o ABSOLUTE
    stm32f4xx_hal.c                          0x00000000   Number         0  stm32f4xx_hal.o ABSOLUTE
    stm32f4xx_hal_adc.c                      0x00000000   Number         0  stm32f4xx_hal_adc.o ABSOLUTE
    stm32f4xx_hal_adc_ex.c                   0x00000000   Number         0  stm32f4xx_hal_adc_ex.o ABSOLUTE
    stm32f4xx_hal_can.c                      0x00000000   Number         0  stm32f4xx_hal_can.o ABSOLUTE
    stm32f4xx_hal_cortex.c                   0x00000000   Number         0  stm32f4xx_hal_cortex.o ABSOLUTE
    stm32f4xx_hal_crc.c                      0x00000000   Number         0  stm32f4xx_hal_crc.o ABSOLUTE
    stm32f4xx_hal_dac.c                      0x00000000   Number         0  stm32f4xx_hal_dac.o ABSOLUTE
    stm32f4xx_hal_dac_ex.c                   0x00000000   Number         0  stm32f4xx_hal_dac_ex.o ABSOLUTE
    stm32f4xx_hal_dcmi.c                     0x00000000   Number         0  stm32f4xx_hal_dcmi.o ABSOLUTE
    stm32f4xx_hal_dma.c                      0x00000000   Number         0  stm32f4xx_hal_dma.o ABSOLUTE
    stm32f4xx_hal_dma2d.c                    0x00000000   Number         0  stm32f4xx_hal_dma2d.o ABSOLUTE
    stm32f4xx_hal_dma_ex.c                   0x00000000   Number         0  stm32f4xx_hal_dma_ex.o ABSOLUTE
    stm32f4xx_hal_exti.c                     0x00000000   Number         0  stm32f4xx_hal_exti.o ABSOLUTE
    stm32f4xx_hal_flash.c                    0x00000000   Number         0  stm32f4xx_hal_flash.o ABSOLUTE
    stm32f4xx_hal_flash_ex.c                 0x00000000   Number         0  stm32f4xx_hal_flash_ex.o ABSOLUTE
    stm32f4xx_hal_gpio.c                     0x00000000   Number         0  stm32f4xx_hal_gpio.o ABSOLUTE
    stm32f4xx_hal_hcd.c                      0x00000000   Number         0  stm32f4xx_hal_hcd.o ABSOLUTE
    stm32f4xx_hal_i2c.c                      0x00000000   Number         0  stm32f4xx_hal_i2c.o ABSOLUTE
    stm32f4xx_hal_i2c_ex.c                   0x00000000   Number         0  stm32f4xx_hal_i2c_ex.o ABSOLUTE
    stm32f4xx_hal_i2s.c                      0x00000000   Number         0  stm32f4xx_hal_i2s.o ABSOLUTE
    stm32f4xx_hal_i2s_ex.c                   0x00000000   Number         0  stm32f4xx_hal_i2s_ex.o ABSOLUTE
    stm32f4xx_hal_irda.c                     0x00000000   Number         0  stm32f4xx_hal_irda.o ABSOLUTE
    stm32f4xx_hal_iwdg.c                     0x00000000   Number         0  stm32f4xx_hal_iwdg.o ABSOLUTE
    stm32f4xx_hal_ltdc.c                     0x00000000   Number         0  stm32f4xx_hal_ltdc.o ABSOLUTE
    stm32f4xx_hal_msp.c                      0x00000000   Number         0  stm32f4xx_hal_msp.o ABSOLUTE
    stm32f4xx_hal_nand.c                     0x00000000   Number         0  stm32f4xx_hal_nand.o ABSOLUTE
    stm32f4xx_hal_nor.c                      0x00000000   Number         0  stm32f4xx_hal_nor.o ABSOLUTE
    stm32f4xx_hal_pccard.c                   0x00000000   Number         0  stm32f4xx_hal_pccard.o ABSOLUTE
    stm32f4xx_hal_pcd.c                      0x00000000   Number         0  stm32f4xx_hal_pcd.o ABSOLUTE
    stm32f4xx_hal_pcd_ex.c                   0x00000000   Number         0  stm32f4xx_hal_pcd_ex.o ABSOLUTE
    stm32f4xx_hal_pwr.c                      0x00000000   Number         0  stm32f4xx_hal_pwr.o ABSOLUTE
    stm32f4xx_hal_pwr_ex.c                   0x00000000   Number         0  stm32f4xx_hal_pwr_ex.o ABSOLUTE
    stm32f4xx_hal_rcc.c                      0x00000000   Number         0  stm32f4xx_hal_rcc.o ABSOLUTE
    stm32f4xx_hal_rcc_ex.c                   0x00000000   Number         0  stm32f4xx_hal_rcc_ex.o ABSOLUTE
    stm32f4xx_hal_rng.c                      0x00000000   Number         0  stm32f4xx_hal_rng.o ABSOLUTE
    stm32f4xx_hal_rtc.c                      0x00000000   Number         0  stm32f4xx_hal_rtc.o ABSOLUTE
    stm32f4xx_hal_rtc_ex.c                   0x00000000   Number         0  stm32f4xx_hal_rtc_ex.o ABSOLUTE
    stm32f4xx_hal_sai_ex.c                   0x00000000   Number         0  stm32f4xx_hal_sai_ex.o ABSOLUTE
    stm32f4xx_hal_sd.c                       0x00000000   Number         0  stm32f4xx_hal_sd.o ABSOLUTE
    stm32f4xx_hal_sdram.c                    0x00000000   Number         0  stm32f4xx_hal_sdram.o ABSOLUTE
    stm32f4xx_hal_smartcard.c                0x00000000   Number         0  stm32f4xx_hal_smartcard.o ABSOLUTE
    stm32f4xx_hal_spi.c                      0x00000000   Number         0  stm32f4xx_hal_spi.o ABSOLUTE
    stm32f4xx_hal_sram.c                     0x00000000   Number         0  stm32f4xx_hal_sram.o ABSOLUTE
    stm32f4xx_hal_tim.c                      0x00000000   Number         0  stm32f4xx_hal_tim.o ABSOLUTE
    stm32f4xx_hal_tim_ex.c                   0x00000000   Number         0  stm32f4xx_hal_tim_ex.o ABSOLUTE
    stm32f4xx_hal_uart.c                     0x00000000   Number         0  stm32f4xx_hal_uart.o ABSOLUTE
    stm32f4xx_hal_usart.c                    0x00000000   Number         0  stm32f4xx_hal_usart.o ABSOLUTE
    stm32f4xx_hal_wwdg.c                     0x00000000   Number         0  stm32f4xx_hal_wwdg.o ABSOLUTE
    stm32f4xx_it.c                           0x00000000   Number         0  stm32f4xx_it.o ABSOLUTE
    stm32f4xx_ll_fmc.c                       0x00000000   Number         0  stm32f4xx_ll_fmc.o ABSOLUTE
    stm32f4xx_ll_sdmmc.c                     0x00000000   Number         0  stm32f4xx_ll_sdmmc.o ABSOLUTE
    stm32f4xx_ll_usb.c                       0x00000000   Number         0  stm32f4xx_ll_usb.o ABSOLUTE
    stmpe811.c                               0x00000000   Number         0  stmpe811.o ABSOLUTE
    system_stm32f4xx.c                       0x00000000   Number         0  system_stm32f4xx.o ABSOLUTE
    RESET                                    0x08000000   Section      428  startup_stm32f429xx.o(RESET)
    .ARM.Collect$$$$00000000                 0x080001ac   Section        0  entry.o(.ARM.Collect$$$$00000000)
    .ARM.Collect$$$$00000001                 0x080001ac   Section        4  entry2.o(.ARM.Collect$$$$00000001)
    .ARM.Collect$$$$00000004                 0x080001b0   Section        4  entry5.o(.ARM.Collect$$$$00000004)
    .ARM.Collect$$$$00000008                 0x080001b4   Section        0  entry7b.o(.ARM.Collect$$$$00000008)
    .ARM.Collect$$$$0000000A                 0x080001b4   Section        0  entry8b.o(.ARM.Collect$$$$0000000A)
    .ARM.Collect$$$$0000000B                 0x080001b4   Section        8  entry9a.o(.ARM.Collect$$$$0000000B)
    __lit__00000000                          0x080001bc   Data           4  entry2.o(.ARM.Collect$$$$00002712)
    .ARM.Collect$$$$0000000D                 0x080001bc   Section        0  entry10a.o(.ARM.Collect$$$$0000000D)
    .ARM.Collect$$$$0000000F                 0x080001bc   Section        0  entry11a.o(.ARM.Collect$$$$0000000F)
    .ARM.Collect$$$$00002712                 0x080001bc   Section        4  entry2.o(.ARM.Collect$$$$00002712)
    $v0                                      0x080001c0   Number         0  startup_stm32f429xx.o(.text)
    .text                                    0x080001c0   Section       36  startup_stm32f429xx.o(.text)
    .text                                    0x080001e4   Section        0  uldiv.o(.text)
    .text                                    0x08000246   Section        0  llshl.o(.text)
    .text                                    0x08000264   Section        0  llushr.o(.text)
    .text                                    0x08000284   Section       36  init.o(.text)
    [Anonymous Symbol]                       0x080002a8   Section        0  stm32f429i_discovery.o(.text.BSP_LED_Init)
    [Anonymous Symbol]                       0x0800032c   Section        0  stm32f429i_discovery.o(.text.BSP_LED_Off)
    [Anonymous Symbol]                       0x0800034c   Section        0  stm32f429i_discovery.o(.text.BSP_LED_On)
    [Anonymous Symbol]                       0x0800036c   Section        0  stm32f429i_discovery.o(.text.BSP_LED_Toggle)
    [Anonymous Symbol]                       0x0800038c   Section        0  stm32f4xx_it.o(.text.BusFault_Handler)
    [Anonymous Symbol]                       0x08000390   Section        0  stm32f4xx_it.o(.text.DebugMon_Handler)
    [Anonymous Symbol]                       0x08000394   Section        0  stm32f4xx_it.o(.text.EXTI0_IRQHandler)
    [Anonymous Symbol]                       0x0800039c   Section        0  main.o(.text.HAL_GPIO_EXTI_Callback)
    [Anonymous Symbol]                       0x080003a8   Section        0  stm32f4xx_hal_gpio.o(.text.HAL_GPIO_EXTI_IRQHandler)
    [Anonymous Symbol]                       0x080003c0   Section        0  stm32f4xx_hal_gpio.o(.text.HAL_GPIO_Init)
    [Anonymous Symbol]                       0x08000568   Section        0  stm32f4xx_hal_gpio.o(.text.HAL_GPIO_TogglePin)
    [Anonymous Symbol]                       0x08000578   Section        0  stm32f4xx_hal_gpio.o(.text.HAL_GPIO_WritePin)
    [Anonymous Symbol]                       0x08000584   Section        0  stm32f4xx_hal.o(.text.HAL_GetTick)
    [Anonymous Symbol]                       0x08000590   Section        0  stm32f4xx_hal.o(.text.HAL_IncTick)
    [Anonymous Symbol]                       0x080005ac   Section        0  stm32f4xx_hal.o(.text.HAL_Init)
    [Anonymous Symbol]                       0x080005e4   Section        0  stm32f4xx_hal.o(.text.HAL_InitTick)
    [Anonymous Symbol]                       0x0800062c   Section        0  stm32f4xx_hal_msp.o(.text.HAL_MspInit)
    [Anonymous Symbol]                       0x08000630   Section        0  stm32f4xx_hal_cortex.o(.text.HAL_NVIC_EnableIRQ)
    [Anonymous Symbol]                       0x08000658   Section        0  stm32f4xx_hal_cortex.o(.text.HAL_NVIC_SetPriority)
    [Anonymous Symbol]                       0x080006b0   Section        0  stm32f4xx_hal_cortex.o(.text.HAL_NVIC_SetPriorityGrouping)
    [Anonymous Symbol]                       0x080006d0   Section        0  stm32f4xx_hal_pwr_ex.o(.text.HAL_PWREx_EnableOverDrive)
    [Anonymous Symbol]                       0x0800074c   Section        0  stm32f4xx_hal_rcc.o(.text.HAL_RCC_ClockConfig)
    [Anonymous Symbol]                       0x080008ac   Section        0  stm32f4xx_hal_rcc.o(.text.HAL_RCC_GetSysClockFreq)
    [Anonymous Symbol]                       0x08000918   Section        0  stm32f4xx_hal_rcc.o(.text.HAL_RCC_OscConfig)
    [Anonymous Symbol]                       0x08000c8c   Section        0  stm32f4xx_hal_cortex.o(.text.HAL_SYSTICK_Config)
    [Anonymous Symbol]                       0x08000cb8   Section        0  stm32f4xx_hal_tim_ex.o(.text.HAL_TIMEx_BreakCallback)
    [Anonymous Symbol]                       0x08000cbc   Section        0  stm32f4xx_hal_tim_ex.o(.text.HAL_TIMEx_CommutCallback)
    [Anonymous Symbol]                       0x08000cc0   Section        0  stm32f4xx_hal_tim.o(.text.HAL_TIM_Base_Init)
    [Anonymous Symbol]                       0x08000d1c   Section        0  stm32f4xx_hal_msp.o(.text.HAL_TIM_Base_MspInit)
    [Anonymous Symbol]                       0x08000d68   Section        0  stm32f4xx_hal_tim.o(.text.HAL_TIM_Base_Start_IT)
    [Anonymous Symbol]                       0x08000e14   Section        0  stm32f4xx_hal_tim.o(.text.HAL_TIM_IC_CaptureCallback)
    [Anonymous Symbol]                       0x08000e18   Section        0  stm32f4xx_hal_tim.o(.text.HAL_TIM_IRQHandler)
    [Anonymous Symbol]                       0x08000f88   Section        0  stm32f4xx_hal_tim.o(.text.HAL_TIM_OC_DelayElapsedCallback)
    [Anonymous Symbol]                       0x08000f8c   Section        0  stm32f4xx_hal_tim.o(.text.HAL_TIM_PWM_PulseFinishedCallback)
    [Anonymous Symbol]                       0x08000f90   Section        0  main.o(.text.HAL_TIM_PeriodElapsedCallback)
    [Anonymous Symbol]                       0x08001c88   Section        0  stm32f4xx_hal_tim.o(.text.HAL_TIM_TriggerCallback)
    [Anonymous Symbol]                       0x08001c8c   Section        0  stm32f4xx_it.o(.text.HardFault_Handler)
    [Anonymous Symbol]                       0x08001c90   Section        0  stm32f4xx_it.o(.text.MemManage_Handler)
    [Anonymous Symbol]                       0x08001c94   Section        0  stm32f4xx_it.o(.text.NMI_Handler)
    [Anonymous Symbol]                       0x08001c98   Section        0  stm32f4xx_it.o(.text.PendSV_Handler)
    [Anonymous Symbol]                       0x08001c9c   Section        0  stm32f4xx_it.o(.text.SVC_Handler)
    [Anonymous Symbol]                       0x08001ca0   Section        0  stm32f4xx_it.o(.text.SysTick_Handler)
    [Anonymous Symbol]                       0x08001ca4   Section        0  system_stm32f4xx.o(.text.SystemInit)
    [Anonymous Symbol]                       0x08001cfc   Section        0  stm32f4xx_it.o(.text.TIM3_IRQHandler)
    [Anonymous Symbol]                       0x08001d08   Section        0  stm32f4xx_it.o(.text.TIM4_IRQHandler)
    [Anonymous Symbol]                       0x08001d14   Section        0  stm32f4xx_hal_tim.o(.text.TIM_Base_SetConfig)
    [Anonymous Symbol]                       0x08001e50   Section        0  stm32f4xx_it.o(.text.UsageFault_Handler)
    [Anonymous Symbol]                       0x08001e54   Section        0  main.o(.text.main)
    i.__scatterload_copy                     0x0800205a   Section       14  handlers.o(i.__scatterload_copy)
    i.__scatterload_null                     0x08002068   Section        2  handlers.o(i.__scatterload_null)
    i.__scatterload_zeroinit                 0x0800206a   Section       14  handlers.o(i.__scatterload_zeroinit)
    .L_MergedGlobals                         0x20000000   Data          68  main.o(.data..L_MergedGlobals)
    [Anonymous Symbol]                       0x20000000   Section        0  main.o(.data..L_MergedGlobals)
    .L_MergedGlobals                         0x20000044   Data           8  stm32f4xx_hal.o(.data..L_MergedGlobals)
    [Anonymous Symbol]                       0x20000044   Section        0  stm32f4xx_hal.o(.data..L_MergedGlobals)
    .L_MergedGlobals.1                       0x20000058   Data          88  main.o(.bss..L_MergedGlobals.1)
    [Anonymous Symbol]                       0x20000058   Section        0  main.o(.bss..L_MergedGlobals.1)
    STACK                                    0x20000900   Section     4096  startup_stm32f429xx.o(STACK)

    Global Symbols

    Symbol Name                              Value     Ov Type        Size  Object(Section)

    BuildAttributes$$THM_ISAv4$E$P$D$K$B$S$7EM$VFPi3$EXTD16$VFPS$VFMA$PE$A:L22UL41UL21$X:L11$S22US41US21$IEEE1$IW$~IW$USESV6$~STKCKD$USESV7$~SHL$OTIME$EBA8$MICROLIB$REQ8$PRES8$EABIv2 0x00000000   Number         0  anon$$obj.o ABSOLUTE
    __cpp_initialize__aeabi_                  - Undefined Weak Reference
    __cxa_finalize                            - Undefined Weak Reference
    __decompress                              - Undefined Weak Reference
    _clock_init                               - Undefined Weak Reference
    _microlib_exit                            - Undefined Weak Reference
    __Vectors_Size                           0x000001ac   Number         0  startup_stm32f429xx.o ABSOLUTE
    __Vectors                                0x08000000   Data           4  startup_stm32f429xx.o(RESET)
    __Vectors_End                            0x080001ac   Data           0  startup_stm32f429xx.o(RESET)
    __main                                   0x080001ad   Thumb Code     0  entry.o(.ARM.Collect$$$$00000000)
    _main_stk                                0x080001ad   Thumb Code     0  entry2.o(.ARM.Collect$$$$00000001)
    _main_scatterload                        0x080001b1   Thumb Code     0  entry5.o(.ARM.Collect$$$$00000004)
    __main_after_scatterload                 0x080001b5   Thumb Code     0  entry5.o(.ARM.Collect$$$$00000004)
    _main_clock                              0x080001b5   Thumb Code     0  entry7b.o(.ARM.Collect$$$$00000008)
    _main_cpp_init                           0x080001b5   Thumb Code     0  entry8b.o(.ARM.Collect$$$$0000000A)
    _main_init                               0x080001b5   Thumb Code     0  entry9a.o(.ARM.Collect$$$$0000000B)
    __rt_final_cpp                           0x080001bd   Thumb Code     0  entry10a.o(.ARM.Collect$$$$0000000D)
    __rt_final_exit                          0x080001bd   Thumb Code     0  entry11a.o(.ARM.Collect$$$$0000000F)
    Reset_Handler                            0x080001c1   Thumb Code     8  startup_stm32f429xx.o(.text)
    ADC_IRQHandler                           0x080001db   Thumb Code     0  startup_stm32f429xx.o(.text)
    CAN1_RX0_IRQHandler                      0x080001db   Thumb Code     0  startup_stm32f429xx.o(.text)
    CAN1_RX1_IRQHandler                      0x080001db   Thumb Code     0  startup_stm32f429xx.o(.text)
    CAN1_SCE_IRQHandler                      0x080001db   Thumb Code     0  startup_stm32f429xx.o(.text)
    CAN1_TX_IRQHandler                       0x080001db   Thumb Code     0  startup_stm32f429xx.o(.text)
    CAN2_RX0_IRQHandler                      0x080001db   Thumb Code     0  startup_stm32f429xx.o(.text)
    CAN2_RX1_IRQHandler                      0x080001db   Thumb Code     0  startup_stm32f429xx.o(.text)
    CAN2_SCE_IRQHandler                      0x080001db   Thumb Code     0  startup_stm32f429xx.o(.text)
    CAN2_TX_IRQHandler                       0x080001db   Thumb Code     0  startup_stm32f429xx.o(.text)
    DCMI_IRQHandler                          0x080001db   Thumb Code     0  startup_stm32f429xx.o(.text)
    DMA1_Stream0_IRQHandler                  0x080001db   Thumb Code     0  startup_stm32f429xx.o(.text)
    DMA1_Stream1_IRQHandler                  0x080001db   Thumb Code     0  startup_stm32f429xx.o(.text)
    DMA1_Stream2_IRQHandler                  0x080001db   Thumb Code     0  startup_stm32f429xx.o(.text)
    DMA1_Stream3_IRQHandler                  0x080001db   Thumb Code     0  startup_stm32f429xx.o(.text)
    DMA1_Stream4_IRQHandler                  0x080001db   Thumb Code     0  startup_stm32f429xx.o(.text)
    DMA1_Stream5_IRQHandler                  0x080001db   Thumb Code     0  startup_stm32f429xx.o(.text)
    DMA1_Stream6_IRQHandler                  0x080001db   Thumb Code     0  startup_stm32f429xx.o(.text)
    DMA1_Stream7_IRQHandler                  0x080001db   Thumb Code     0  startup_stm32f429xx.o(.text)
    DMA2D_IRQHandler                         0x080001db   Thumb Code     0  startup_stm32f429xx.o(.text)
    DMA2_Stream0_IRQHandler                  0x080001db   Thumb Code     0  startup_stm32f429xx.o(.text)
    DMA2_Stream1_IRQHandler                  0x080001db   Thumb Code     0  startup_stm32f429xx.o(.text)
    DMA2_Stream2_IRQHandler                  0x080001db   Thumb Code     0  startup_stm32f429xx.o(.text)
    DMA2_Stream3_IRQHandler                  0x080001db   Thumb Code     0  startup_stm32f429xx.o(.text)
    DMA2_Stream4_IRQHandler                  0x080001db   Thumb Code     0  startup_stm32f429xx.o(.text)
    DMA2_Stream5_IRQHandler                  0x080001db   Thumb Code     0  startup_stm32f429xx.o(.text)
    DMA2_Stream6_IRQHandler                  0x080001db   Thumb Code     0  startup_stm32f429xx.o(.text)
    DMA2_Stream7_IRQHandler                  0x080001db   Thumb Code     0  startup_stm32f429xx.o(.text)
    ETH_IRQHandler                           0x080001db   Thumb Code     0  startup_stm32f429xx.o(.text)
    ETH_WKUP_IRQHandler                      0x080001db   Thumb Code     0  startup_stm32f429xx.o(.text)
    EXTI15_10_IRQHandler                     0x080001db   Thumb Code     0  startup_stm32f429xx.o(.text)
    EXTI1_IRQHandler                         0x080001db   Thumb Code     0  startup_stm32f429xx.o(.text)
    EXTI2_IRQHandler                         0x080001db   Thumb Code     0  startup_stm32f429xx.o(.text)
    EXTI3_IRQHandler                         0x080001db   Thumb Code     0  startup_stm32f429xx.o(.text)
    EXTI4_IRQHandler                         0x080001db   Thumb Code     0  startup_stm32f429xx.o(.text)
    EXTI9_5_IRQHandler                       0x080001db   Thumb Code     0  startup_stm32f429xx.o(.text)
    FLASH_IRQHandler                         0x080001db   Thumb Code     0  startup_stm32f429xx.o(.text)
    FMC_IRQHandler                           0x080001db   Thumb Code     0  startup_stm32f429xx.o(.text)
    FPU_IRQHandler                           0x080001db   Thumb Code     0  startup_stm32f429xx.o(.text)
    HASH_RNG_IRQHandler                      0x080001db   Thumb Code     0  startup_stm32f429xx.o(.text)
    I2C1_ER_IRQHandler                       0x080001db   Thumb Code     0  startup_stm32f429xx.o(.text)
    I2C1_EV_IRQHandler                       0x080001db   Thumb Code     0  startup_stm32f429xx.o(.text)
    I2C2_ER_IRQHandler                       0x080001db   Thumb Code     0  startup_stm32f429xx.o(.text)
    I2C2_EV_IRQHandler                       0x080001db   Thumb Code     0  startup_stm32f429xx.o(.text)
    I2C3_ER_IRQHandler                       0x080001db   Thumb Code     0  startup_stm32f429xx.o(.text)
    I2C3_EV_IRQHandler                       0x080001db   Thumb Code     0  startup_stm32f429xx.o(.text)
    LTDC_ER_IRQHandler                       0x080001db   Thumb Code     0  startup_stm32f429xx.o(.text)
    LTDC_IRQHandler                          0x080001db   Thumb Code     0  startup_stm32f429xx.o(.text)
    OTG_FS_IRQHandler                        0x080001db   Thumb Code     0  startup_stm32f429xx.o(.text)
    OTG_FS_WKUP_IRQHandler                   0x080001db   Thumb Code     0  startup_stm32f429xx.o(.text)
    OTG_HS_EP1_IN_IRQHandler                 0x080001db   Thumb Code     0  startup_stm32f429xx.o(.text)
    OTG_HS_EP1_OUT_IRQHandler                0x080001db   Thumb Code     0  startup_stm32f429xx.o(.text)
    OTG_HS_IRQHandler                        0x080001db   Thumb Code     0  startup_stm32f429xx.o(.text)
    OTG_HS_WKUP_IRQHandler                   0x080001db   Thumb Code     0  startup_stm32f429xx.o(.text)
    PVD_IRQHandler                           0x080001db   Thumb Code     0  startup_stm32f429xx.o(.text)
    RCC_IRQHandler                           0x080001db   Thumb Code     0  startup_stm32f429xx.o(.text)
    RTC_Alarm_IRQHandler                     0x080001db   Thumb Code     0  startup_stm32f429xx.o(.text)
    RTC_WKUP_IRQHandler                      0x080001db   Thumb Code     0  startup_stm32f429xx.o(.text)
    SAI1_IRQHandler                          0x080001db   Thumb Code     0  startup_stm32f429xx.o(.text)
    SDIO_IRQHandler                          0x080001db   Thumb Code     0  startup_stm32f429xx.o(.text)
    SPI1_IRQHandler                          0x080001db   Thumb Code     0  startup_stm32f429xx.o(.text)
    SPI2_IRQHandler                          0x080001db   Thumb Code     0  startup_stm32f429xx.o(.text)
    SPI3_IRQHandler                          0x080001db   Thumb Code     0  startup_stm32f429xx.o(.text)
    SPI4_IRQHandler                          0x080001db   Thumb Code     0  startup_stm32f429xx.o(.text)
    SPI5_IRQHandler                          0x080001db   Thumb Code     0  startup_stm32f429xx.o(.text)
    SPI6_IRQHandler                          0x080001db   Thumb Code     0  startup_stm32f429xx.o(.text)
    TAMP_STAMP_IRQHandler                    0x080001db   Thumb Code     0  startup_stm32f429xx.o(.text)
    TIM1_BRK_TIM9_IRQHandler                 0x080001db   Thumb Code     0  startup_stm32f429xx.o(.text)
    TIM1_CC_IRQHandler                       0x080001db   Thumb Code     0  startup_stm32f429xx.o(.text)
    TIM1_TRG_COM_TIM11_IRQHandler            0x080001db   Thumb Code     0  startup_stm32f429xx.o(.text)
    TIM1_UP_TIM10_IRQHandler                 0x080001db   Thumb Code     0  startup_stm32f429xx.o(.text)
    TIM2_IRQHandler                          0x080001db   Thumb Code     0  startup_stm32f429xx.o(.text)
    TIM5_IRQHandler                          0x080001db   Thumb Code     0  startup_stm32f429xx.o(.text)
    TIM6_DAC_IRQHandler                      0x080001db   Thumb Code     0  startup_stm32f429xx.o(.text)
    TIM7_IRQHandler                          0x080001db   Thumb Code     0  startup_stm32f429xx.o(.text)
    TIM8_BRK_TIM12_IRQHandler                0x080001db   Thumb Code     0  startup_stm32f429xx.o(.text)
    TIM8_CC_IRQHandler                       0x080001db   Thumb Code     0  startup_stm32f429xx.o(.text)
    TIM8_TRG_COM_TIM14_IRQHandler            0x080001db   Thumb Code     0  startup_stm32f429xx.o(.text)
    TIM8_UP_TIM13_IRQHandler                 0x080001db   Thumb Code     0  startup_stm32f429xx.o(.text)
    UART4_IRQHandler                         0x080001db   Thumb Code     0  startup_stm32f429xx.o(.text)
    UART5_IRQHandler                         0x080001db   Thumb Code     0  startup_stm32f429xx.o(.text)
    UART7_IRQHandler                         0x080001db   Thumb Code     0  startup_stm32f429xx.o(.text)
    UART8_IRQHandler                         0x080001db   Thumb Code     0  startup_stm32f429xx.o(.text)
    USART1_IRQHandler                        0x080001db   Thumb Code     0  startup_stm32f429xx.o(.text)
    USART2_IRQHandler                        0x080001db   Thumb Code     0  startup_stm32f429xx.o(.text)
    USART3_IRQHandler                        0x080001db   Thumb Code     0  startup_stm32f429xx.o(.text)
    USART6_IRQHandler                        0x080001db   Thumb Code     0  startup_stm32f429xx.o(.text)
    WWDG_IRQHandler                          0x080001db   Thumb Code     0  startup_stm32f429xx.o(.text)
    __aeabi_uldivmod                         0x080001e5   Thumb Code    98  uldiv.o(.text)
    __aeabi_llsl                             0x08000247   Thumb Code    30  llshl.o(.text)
    _ll_shift_l                              0x08000247   Thumb Code     0  llshl.o(.text)
    __aeabi_llsr                             0x08000265   Thumb Code    32  llushr.o(.text)
    _ll_ushift_r                             0x08000265   Thumb Code     0  llushr.o(.text)
    __scatterload                            0x08000285   Thumb Code    28  init.o(.text)
    __scatterload_rt2                        0x08000285   Thumb Code     0  init.o(.text)
    BSP_LED_Init                             0x080002a9   Thumb Code   132  stm32f429i_discovery.o(.text.BSP_LED_Init)
    BSP_LED_Off                              0x0800032d   Thumb Code    32  stm32f429i_discovery.o(.text.BSP_LED_Off)
    BSP_LED_On                               0x0800034d   Thumb Code    32  stm32f429i_discovery.o(.text.BSP_LED_On)
    BSP_LED_Toggle                           0x0800036d   Thumb Code    30  stm32f429i_discovery.o(.text.BSP_LED_Toggle)
    BusFault_Handler                         0x0800038d   Thumb Code     2  stm32f4xx_it.o(.text.BusFault_Handler)
    DebugMon_Handler                         0x08000391   Thumb Code     2  stm32f4xx_it.o(.text.DebugMon_Handler)
    EXTI0_IRQHandler                         0x08000395   Thumb Code     6  stm32f4xx_it.o(.text.EXTI0_IRQHandler)
    HAL_GPIO_EXTI_Callback                   0x0800039d   Thumb Code    12  main.o(.text.HAL_GPIO_EXTI_Callback)
    HAL_GPIO_EXTI_IRQHandler                 0x080003a9   Thumb Code    22  stm32f4xx_hal_gpio.o(.text.HAL_GPIO_EXTI_IRQHandler)
    HAL_GPIO_Init                            0x080003c1   Thumb Code   422  stm32f4xx_hal_gpio.o(.text.HAL_GPIO_Init)
    HAL_GPIO_TogglePin                       0x08000569   Thumb Code    16  stm32f4xx_hal_gpio.o(.text.HAL_GPIO_TogglePin)
    HAL_GPIO_WritePin                        0x08000579   Thumb Code    10  stm32f4xx_hal_gpio.o(.text.HAL_GPIO_WritePin)
    HAL_GetTick                              0x08000585   Thumb Code    12  stm32f4xx_hal.o(.text.HAL_GetTick)
    HAL_IncTick                              0x08000591   Thumb Code    26  stm32f4xx_hal.o(.text.HAL_IncTick)
    HAL_Init                                 0x080005ad   Thumb Code    54  stm32f4xx_hal.o(.text.HAL_Init)
    HAL_InitTick                             0x080005e5   Thumb Code    72  stm32f4xx_hal.o(.text.HAL_InitTick)
    HAL_MspInit                              0x0800062d   Thumb Code     2  stm32f4xx_hal_msp.o(.text.HAL_MspInit)
    HAL_NVIC_EnableIRQ                       0x08000631   Thumb Code    38  stm32f4xx_hal_cortex.o(.text.HAL_NVIC_EnableIRQ)
    HAL_NVIC_SetPriority                     0x08000659   Thumb Code    86  stm32f4xx_hal_cortex.o(.text.HAL_NVIC_SetPriority)
    HAL_NVIC_SetPriorityGrouping             0x080006b1   Thumb Code    32  stm32f4xx_hal_cortex.o(.text.HAL_NVIC_SetPriorityGrouping)
    HAL_PWREx_EnableOverDrive                0x080006d1   Thumb Code   122  stm32f4xx_hal_pwr_ex.o(.text.HAL_PWREx_EnableOverDrive)
    HAL_RCC_ClockConfig                      0x0800074d   Thumb Code   352  stm32f4xx_hal_rcc.o(.text.HAL_RCC_ClockConfig)
    HAL_RCC_GetSysClockFreq                  0x080008ad   Thumb Code   108  stm32f4xx_hal_rcc.o(.text.HAL_RCC_GetSysClockFreq)
    HAL_RCC_OscConfig                        0x08000919   Thumb Code   884  stm32f4xx_hal_rcc.o(.text.HAL_RCC_OscConfig)
    HAL_SYSTICK_Config                       0x08000c8d   Thumb Code    44  stm32f4xx_hal_cortex.o(.text.HAL_SYSTICK_Config)
    HAL_TIMEx_BreakCallback                  0x08000cb9   Thumb Code     2  stm32f4xx_hal_tim_ex.o(.text.HAL_TIMEx_BreakCallback)
    HAL_TIMEx_CommutCallback                 0x08000cbd   Thumb Code     2  stm32f4xx_hal_tim_ex.o(.text.HAL_TIMEx_CommutCallback)
    HAL_TIM_Base_Init                        0x08000cc1   Thumb Code    90  stm32f4xx_hal_tim.o(.text.HAL_TIM_Base_Init)
    HAL_TIM_Base_MspInit                     0x08000d1d   Thumb Code    76  stm32f4xx_hal_msp.o(.text.HAL_TIM_Base_MspInit)
    HAL_TIM_Base_Start_IT                    0x08000d69   Thumb Code   170  stm32f4xx_hal_tim.o(.text.HAL_TIM_Base_Start_IT)
    HAL_TIM_IC_CaptureCallback               0x08000e15   Thumb Code     2  stm32f4xx_hal_tim.o(.text.HAL_TIM_IC_CaptureCallback)
    HAL_TIM_IRQHandler                       0x08000e19   Thumb Code   368  stm32f4xx_hal_tim.o(.text.HAL_TIM_IRQHandler)
    HAL_TIM_OC_DelayElapsedCallback          0x08000f89   Thumb Code     2  stm32f4xx_hal_tim.o(.text.HAL_TIM_OC_DelayElapsedCallback)
    HAL_TIM_PWM_PulseFinishedCallback        0x08000f8d   Thumb Code     2  stm32f4xx_hal_tim.o(.text.HAL_TIM_PWM_PulseFinishedCallback)
    HAL_TIM_PeriodElapsedCallback            0x08000f91   Thumb Code  3320  main.o(.text.HAL_TIM_PeriodElapsedCallback)
    HAL_TIM_TriggerCallback                  0x08001c89   Thumb Code     2  stm32f4xx_hal_tim.o(.text.HAL_TIM_TriggerCallback)
    HardFault_Handler                        0x08001c8d   Thumb Code     2  stm32f4xx_it.o(.text.HardFault_Handler)
    MemManage_Handler                        0x08001c91   Thumb Code     2  stm32f4xx_it.o(.text.MemManage_Handler)
    NMI_Handler                              0x08001c95   Thumb Code     2  stm32f4xx_it.o(.text.NMI_Handler)
    PendSV_Handler                           0x08001c99   Thumb Code     2  stm32f4xx_it.o(.text.PendSV_Handler)
    SVC_Handler                              0x08001c9d   Thumb Code     2  stm32f4xx_it.o(.text.SVC_Handler)
    SysTick_Handler                          0x08001ca1   Thumb Code     4  stm32f4xx_it.o(.text.SysTick_Handler)
    SystemInit                               0x08001ca5   Thumb Code    86  system_stm32f4xx.o(.text.SystemInit)
    TIM3_IRQHandler                          0x08001cfd   Thumb Code    12  stm32f4xx_it.o(.text.TIM3_IRQHandler)
    TIM4_IRQHandler                          0x08001d09   Thumb Code    12  stm32f4xx_it.o(.text.TIM4_IRQHandler)
    TIM_Base_SetConfig                       0x08001d15   Thumb Code   316  stm32f4xx_hal_tim.o(.text.TIM_Base_SetConfig)
    UsageFault_Handler                       0x08001e51   Thumb Code     2  stm32f4xx_it.o(.text.UsageFault_Handler)
    main                                     0x08001e55   Thumb Code   518  main.o(.text.main)
    __scatterload_copy                       0x0800205b   Thumb Code    14  handlers.o(i.__scatterload_copy)
    __scatterload_null                       0x08002069   Thumb Code     2  handlers.o(i.__scatterload_null)
    __scatterload_zeroinit                   0x0800206b   Thumb Code    14  handlers.o(i.__scatterload_zeroinit)
    AHBPrescTable                            0x08002078   Data          16  system_stm32f4xx.o(.rodata.AHBPrescTable)
    GPIO_PIN                                 0x08002088   Data           4  stm32f429i_discovery.o(.rodata.GPIO_PIN)
    Region$$Table$$Base                      0x0800208c   Number         0  anon$$obj.o(Region$$Table)
    Region$$Table$$Limit                     0x080020ac   Number         0  anon$$obj.o(Region$$Table)
    numLEDs                                  0x20000000   Data           4  main.o(.data..L_MergedGlobals)
    c                                        0x20000004   Data           4  main.o(.data..L_MergedGlobals)
    full_text                                0x20000008   Data          60  main.o(.data..L_MergedGlobals)
    uwTickFreq                               0x20000044   Data           1  stm32f4xx_hal.o(.data..L_MergedGlobals)
    uwTickPrio                               0x20000048   Data           4  stm32f4xx_hal.o(.data..L_MergedGlobals)
    GPIO_PORT                                0x2000004c   Data           8  stm32f429i_discovery.o(.data.GPIO_PORT)
    SystemCoreClock                          0x20000054   Data           4  system_stm32f4xx.o(.data.SystemCoreClock)
    i                                        0x20000058   Data           1  main.o(.bss..L_MergedGlobals.1)
    fc                                       0x2000005c   Data           4  main.o(.bss..L_MergedGlobals.1)
    on                                       0x20000060   Data           4  main.o(.bss..L_MergedGlobals.1)
    il                                       0x20000064   Data           4  main.o(.bss..L_MergedGlobals.1)
    TimHandle                                0x20000068   Data          72  main.o(.bss..L_MergedGlobals.1)
    FrameHandle                              0x200000b0   Data          72  main.o(.bss.FrameHandle)
    b_colors                                 0x200000f8   Data        1024  main.o(.bss.b_colors)
    colors                                   0x200004f8   Data        1024  main.o(.bss.colors)
    uwTick                                   0x200008f8   Data           4  stm32f4xx_hal.o(.bss.uwTick)
    __initial_sp                             0x20001900   Data           0  startup_stm32f429xx.o(STACK)



==============================================================================

Memory Map of the image

  Image Entry point : 0x080001ad

  Load Region LR_IROM1 (Base: 0x08000000, Size: 0x00002108, Max: 0x00200000, ABSOLUTE)

    Execution Region ER_IROM1 (Exec base: 0x08000000, Load base: 0x08000000, Size: 0x000020ac, Max: 0x00200000, ABSOLUTE)

    Exec Addr    Load Addr    Size         Type   Attr      Idx    E Section Name        Object

    0x08000000   0x08000000   0x000001ac   Data   RO         3382    RESET               startup_stm32f429xx.o
    0x080001ac   0x080001ac   0x00000000   Code   RO         3389  * .ARM.Collect$$$$00000000  mc_w.l(entry.o)
    0x080001ac   0x080001ac   0x00000004   Code   RO         3394    .ARM.Collect$$$$00000001  mc_w.l(entry2.o)
    0x080001b0   0x080001b0   0x00000004   Code   RO         3397    .ARM.Collect$$$$00000004  mc_w.l(entry5.o)
    0x080001b4   0x080001b4   0x00000000   Code   RO         3399    .ARM.Collect$$$$00000008  mc_w.l(entry7b.o)
    0x080001b4   0x080001b4   0x00000000   Code   RO         3401    .ARM.Collect$$$$0000000A  mc_w.l(entry8b.o)
    0x080001b4   0x080001b4   0x00000008   Code   RO         3402    .ARM.Collect$$$$0000000B  mc_w.l(entry9a.o)
    0x080001bc   0x080001bc   0x00000000   Code   RO         3404    .ARM.Collect$$$$0000000D  mc_w.l(entry10a.o)
    0x080001bc   0x080001bc   0x00000000   Code   RO         3406    .ARM.Collect$$$$0000000F  mc_w.l(entry11a.o)
    0x080001bc   0x080001bc   0x00000004   Code   RO         3395    .ARM.Collect$$$$00002712  mc_w.l(entry2.o)
    0x080001c0   0x080001c0   0x00000024   Code   RO         3383    .text               startup_stm32f429xx.o
    0x080001e4   0x080001e4   0x00000062   Code   RO         3392    .text               mc_w.l(uldiv.o)
    0x08000246   0x08000246   0x0000001e   Code   RO         3408    .text               mc_w.l(llshl.o)
    0x08000264   0x08000264   0x00000020   Code   RO         3410    .text               mc_w.l(llushr.o)
    0x08000284   0x08000284   0x00000024   Code   RO         3412    .text               mc_w.l(init.o)
    0x080002a8   0x080002a8   0x00000084   Code   RO          138    .text.BSP_LED_Init  stm32f429i_discovery.o
    0x0800032c   0x0800032c   0x00000020   Code   RO          142    .text.BSP_LED_Off   stm32f429i_discovery.o
    0x0800034c   0x0800034c   0x00000020   Code   RO          140    .text.BSP_LED_On    stm32f429i_discovery.o
    0x0800036c   0x0800036c   0x0000001e   Code   RO          144    .text.BSP_LED_Toggle  stm32f429i_discovery.o
    0x0800038a   0x0800038a   0x00000002   PAD
    0x0800038c   0x0800038c   0x00000002   Code   RO          284    .text.BusFault_Handler  stm32f4xx_it.o
    0x0800038e   0x0800038e   0x00000002   PAD
    0x08000390   0x08000390   0x00000002   Code   RO          290    .text.DebugMon_Handler  stm32f4xx_it.o
    0x08000392   0x08000392   0x00000002   PAD
    0x08000394   0x08000394   0x00000006   Code   RO          300    .text.EXTI0_IRQHandler  stm32f4xx_it.o
    0x0800039a   0x0800039a   0x00000002   PAD
    0x0800039c   0x0800039c   0x0000000c   Code   RO          313    .text.HAL_GPIO_EXTI_Callback  main.o
    0x080003a8   0x080003a8   0x00000016   Code   RO          535    .text.HAL_GPIO_EXTI_IRQHandler  stm32f4xx_hal_gpio.o
    0x080003be   0x080003be   0x00000002   PAD
    0x080003c0   0x080003c0   0x000001a6   Code   RO          523    .text.HAL_GPIO_Init  stm32f4xx_hal_gpio.o
    0x08000566   0x08000566   0x00000002   PAD
    0x08000568   0x08000568   0x00000010   Code   RO          531    .text.HAL_GPIO_TogglePin  stm32f4xx_hal_gpio.o
    0x08000578   0x08000578   0x0000000a   Code   RO          529    .text.HAL_GPIO_WritePin  stm32f4xx_hal_gpio.o
    0x08000582   0x08000582   0x00000002   PAD
    0x08000584   0x08000584   0x0000000c   Code   RO         1288    .text.HAL_GetTick   stm32f4xx_hal.o
    0x08000590   0x08000590   0x0000001a   Code   RO         1286    .text.HAL_IncTick   stm32f4xx_hal.o
    0x080005aa   0x080005aa   0x00000002   PAD
    0x080005ac   0x080005ac   0x00000036   Code   RO         1276    .text.HAL_Init      stm32f4xx_hal.o
    0x080005e2   0x080005e2   0x00000002   PAD
    0x080005e4   0x080005e4   0x00000048   Code   RO         1278    .text.HAL_InitTick  stm32f4xx_hal.o
    0x0800062c   0x0800062c   0x00000002   Code   RO          332    .text.HAL_MspInit   stm32f4xx_hal_msp.o
    0x0800062e   0x0800062e   0x00000002   PAD
    0x08000630   0x08000630   0x00000026   Code   RO          640    .text.HAL_NVIC_EnableIRQ  stm32f4xx_hal_cortex.o
    0x08000656   0x08000656   0x00000002   PAD
    0x08000658   0x08000658   0x00000056   Code   RO          638    .text.HAL_NVIC_SetPriority  stm32f4xx_hal_cortex.o
    0x080006ae   0x080006ae   0x00000002   PAD
    0x080006b0   0x080006b0   0x00000020   Code   RO          636    .text.HAL_NVIC_SetPriorityGrouping  stm32f4xx_hal_cortex.o
    0x080006d0   0x080006d0   0x0000007a   Code   RO         1262    .text.HAL_PWREx_EnableOverDrive  stm32f4xx_hal_pwr_ex.o
    0x0800074a   0x0800074a   0x00000002   PAD
    0x0800074c   0x0800074c   0x00000160   Code   RO         3117    .text.HAL_RCC_ClockConfig  stm32f4xx_hal_rcc.o
    0x080008ac   0x080008ac   0x0000006c   Code   RO         3119    .text.HAL_RCC_GetSysClockFreq  stm32f4xx_hal_rcc.o
    0x08000918   0x08000918   0x00000374   Code   RO         3115    .text.HAL_RCC_OscConfig  stm32f4xx_hal_rcc.o
    0x08000c8c   0x08000c8c   0x0000002c   Code   RO          648    .text.HAL_SYSTICK_Config  stm32f4xx_hal_cortex.o
    0x08000cb8   0x08000cb8   0x00000002   Code   RO         2232    .text.HAL_TIMEx_BreakCallback  stm32f4xx_hal_tim_ex.o
    0x08000cba   0x08000cba   0x00000002   PAD
    0x08000cbc   0x08000cbc   0x00000002   Code   RO         2228    .text.HAL_TIMEx_CommutCallback  stm32f4xx_hal_tim_ex.o
    0x08000cbe   0x08000cbe   0x00000002   PAD
    0x08000cc0   0x08000cc0   0x0000005a   Code   RO         2762    .text.HAL_TIM_Base_Init  stm32f4xx_hal_tim.o
    0x08000d1a   0x08000d1a   0x00000002   PAD
    0x08000d1c   0x08000d1c   0x0000004c   Code   RO          336    .text.HAL_TIM_Base_MspInit  stm32f4xx_hal_msp.o
    0x08000d68   0x08000d68   0x000000aa   Code   RO         2776    .text.HAL_TIM_Base_Start_IT  stm32f4xx_hal_tim.o
    0x08000e12   0x08000e12   0x00000002   PAD
    0x08000e14   0x08000e14   0x00000002   Code   RO         2898    .text.HAL_TIM_IC_CaptureCallback  stm32f4xx_hal_tim.o
    0x08000e16   0x08000e16   0x00000002   PAD
    0x08000e18   0x08000e18   0x00000170   Code   RO         2896    .text.HAL_TIM_IRQHandler  stm32f4xx_hal_tim.o
    0x08000f88   0x08000f88   0x00000002   Code   RO         2900    .text.HAL_TIM_OC_DelayElapsedCallback  stm32f4xx_hal_tim.o
    0x08000f8a   0x08000f8a   0x00000002   PAD
    0x08000f8c   0x08000f8c   0x00000002   Code   RO         2902    .text.HAL_TIM_PWM_PulseFinishedCallback  stm32f4xx_hal_tim.o
    0x08000f8e   0x08000f8e   0x00000002   PAD
    0x08000f90   0x08000f90   0x00000cf8   Code   RO          311    .text.HAL_TIM_PeriodElapsedCallback  main.o
    0x08001c88   0x08001c88   0x00000002   Code   RO         2906    .text.HAL_TIM_TriggerCallback  stm32f4xx_hal_tim.o
    0x08001c8a   0x08001c8a   0x00000002   PAD
    0x08001c8c   0x08001c8c   0x00000002   Code   RO          280    .text.HardFault_Handler  stm32f4xx_it.o
    0x08001c8e   0x08001c8e   0x00000002   PAD
    0x08001c90   0x08001c90   0x00000002   Code   RO          282    .text.MemManage_Handler  stm32f4xx_it.o
    0x08001c92   0x08001c92   0x00000002   PAD
    0x08001c94   0x08001c94   0x00000002   Code   RO          278    .text.NMI_Handler   stm32f4xx_it.o
    0x08001c96   0x08001c96   0x00000002   PAD
    0x08001c98   0x08001c98   0x00000002   Code   RO          292    .text.PendSV_Handler  stm32f4xx_it.o
    0x08001c9a   0x08001c9a   0x00000002   PAD
    0x08001c9c   0x08001c9c   0x00000002   Code   RO          288    .text.SVC_Handler   stm32f4xx_it.o
    0x08001c9e   0x08001c9e   0x00000002   PAD
    0x08001ca0   0x08001ca0   0x00000004   Code   RO          294    .text.SysTick_Handler  stm32f4xx_it.o
    0x08001ca4   0x08001ca4   0x00000056   Code   RO          346    .text.SystemInit    system_stm32f4xx.o
    0x08001cfa   0x08001cfa   0x00000002   PAD
    0x08001cfc   0x08001cfc   0x0000000c   Code   RO          296    .text.TIM3_IRQHandler  stm32f4xx_it.o
    0x08001d08   0x08001d08   0x0000000c   Code   RO          298    .text.TIM4_IRQHandler  stm32f4xx_it.o
    0x08001d14   0x08001d14   0x0000013c   Code   RO         2766    .text.TIM_Base_SetConfig  stm32f4xx_hal_tim.o
    0x08001e50   0x08001e50   0x00000002   Code   RO          286    .text.UsageFault_Handler  stm32f4xx_it.o
    0x08001e52   0x08001e52   0x00000002   PAD
    0x08001e54   0x08001e54   0x00000206   Code   RO          309    .text.main          main.o
    0x0800205a   0x0800205a   0x0000000e   Code   RO         3416    i.__scatterload_copy  mc_w.l(handlers.o)
    0x08002068   0x08002068   0x00000002   Code   RO         3417    i.__scatterload_null  mc_w.l(handlers.o)
    0x0800206a   0x0800206a   0x0000000e   Code   RO         3418    i.__scatterload_zeroinit  mc_w.l(handlers.o)
    0x08002078   0x08002078   0x00000010   Data   RO          351    .rodata.AHBPrescTable  system_stm32f4xx.o
    0x08002088   0x08002088   0x00000004   Data   RO          185    .rodata.GPIO_PIN    stm32f429i_discovery.o
    0x0800208c   0x0800208c   0x00000020   Data   RO         3415    Region$$Table       anon$$obj.o


    Execution Region RW_IRAM1 (Exec base: 0x20000000, Load base: 0x080020b0, Size: 0x00001900, Max: 0x00030000, ABSOLUTE)

    Exec Addr    Load Addr    Size         Type   Attr      Idx    E Section Name        Object

    0x20000000   0x080020b0   0x00000044   Data   RW          322    .data..L_MergedGlobals  main.o
    0x20000044   0x080020f4   0x00000008   Data   RW         1335    .data..L_MergedGlobals  stm32f4xx_hal.o
    0x2000004c   0x080020fc   0x00000008   Data   RW          184    .data.GPIO_PORT     stm32f429i_discovery.o
    0x20000054   0x08002104   0x00000004   Data   RW          350    .data.SystemCoreClock  system_stm32f4xx.o
    0x20000058        -       0x00000058   Zero   RW          323    .bss..L_MergedGlobals.1  main.o
    0x200000b0        -       0x00000048   Zero   RW          320    .bss.FrameHandle    main.o
    0x200000f8        -       0x00000400   Zero   RW          319    .bss.b_colors       main.o
    0x200004f8        -       0x00000400   Zero   RW          318    .bss.colors         main.o
    0x200008f8        -       0x00000004   Zero   RW         1334    .bss.uwTick         stm32f4xx_hal.o
    0x200008fc   0x08002108   0x00000004   PAD
    0x20000900        -       0x00001000   Zero   RW         3380    STACK               startup_stm32f429xx.o


==============================================================================

Image component sizes


      Code (inc. data)   RO Data    RW Data    ZI Data      Debug   Object Name

      3850          0          0         68       2208      14704   main.o
        36          8        428          0       4096        884   startup_stm32f429xx.o
       226          0          4          8          0      17372   stm32f429i_discovery.o
       164          0          0          8          4       7846   stm32f4xx_hal.o
       200          0          0          0          0      10843   stm32f4xx_hal_cortex.o
       470          0          0          0          0       5403   stm32f4xx_hal_gpio.o
        78          0          0          0          0       6906   stm32f4xx_hal_msp.o
       122          0          0          0          0       4734   stm32f4xx_hal_pwr_ex.o
      1344          0          0          0          0       7568   stm32f4xx_hal_rcc.o
       952          0          0          0          0      55136   stm32f4xx_hal_tim.o
         4          0          0          0          0      21341   stm32f4xx_hal_tim_ex.o
        50          0          0          0          0       4814   stm32f4xx_it.o
        86          0         16          4          0       2811   system_stm32f4xx.o

    ----------------------------------------------------------------------
      7638          8        480         88       6312     160362   Object Totals
         0          0         32          0          0          0   (incl. Generated)
        56          0          0          0          4          0   (incl. Padding)

    ----------------------------------------------------------------------

      Code (inc. data)   RO Data    RW Data    ZI Data      Debug   Library Member Name

         0          0          0          0          0          0   entry.o
         0          0          0          0          0          0   entry10a.o
         0          0          0          0          0          0   entry11a.o
         8          4          0          0          0          0   entry2.o
         4          0          0          0          0          0   entry5.o
         0          0          0          0          0          0   entry7b.o
         0          0          0          0          0          0   entry8b.o
         8          4          0          0          0          0   entry9a.o
        30          0          0          0          0          0   handlers.o
        36          8          0          0          0         68   init.o
        30          0          0          0          0         68   llshl.o
        32          0          0          0          0         68   llushr.o
        98          0          0          0          0         92   uldiv.o

    ----------------------------------------------------------------------
       246         16          0          0          0        296   Library Totals
         0          0          0          0          0          0   (incl. Padding)

    ----------------------------------------------------------------------

      Code (inc. data)   RO Data    RW Data    ZI Data      Debug   Library Name

       246         16          0          0          0        296   mc_w.l

    ----------------------------------------------------------------------
       246         16          0          0          0        296   Library Totals

    ----------------------------------------------------------------------

==============================================================================


      Code (inc. data)   RO Data    RW Data    ZI Data      Debug   

      7884         24        480         88       6312     160590   Grand Totals
      7884         24        480         88       6312     160590   ELF Image Totals
      7884         24        480         88          0          0   ROM Totals

==============================================================================

    Total RO  Size (Code + RO Data)                 8364 (   8.17kB)
    Total RW  Size (RW Data + ZI Data)              6400 (   6.25kB)
    Total ROM Size (Code + RO Data + RW Data)       8452 (   8.25kB)

==============================================================================

